Archive member included to satisfy reference by file (symbol)

c:/program files/microchip/xc32/v4.10/bin/bin/../../lib/gcc/pic32c/8.3.1/arm/v7-a+simd/hard\libgcc.a(_udivsi3.o)
                              build/sam_a7g5_ek_IMX219/production/_ext/177898253/plib_flexcom8_twi_master.o (__aeabi_uidiv)
c:/program files/microchip/xc32/v4.10/bin/bin/../../lib/gcc/pic32c/8.3.1/arm/v7-a+simd/hard\libgcc.a(_dvmd_tls.o)
                              c:/program files/microchip/xc32/v4.10/bin/bin/../../lib/gcc/pic32c/8.3.1/arm/v7-a+simd/hard\libgcc.a(_udivsi3.o) (__aeabi_idiv0)
c:/program files/microchip/xc32/v4.10/bin/bin/../../lib/gcc/pic32c/8.3.1/arm/v7-a+simd/hard\libgcc.a(_aeabi_uldivmod.o)
                              build/sam_a7g5_ek_IMX219/production/_ext/2136021686/sys_time.o (__aeabi_uldivmod)
c:/program files/microchip/xc32/v4.10/bin/bin/../../lib/gcc/pic32c/8.3.1/arm/v7-a+simd/hard\libgcc.a(_udivmoddi4.o)
                              c:/program files/microchip/xc32/v4.10/bin/bin/../../lib/gcc/pic32c/8.3.1/arm/v7-a+simd/hard\libgcc.a(_aeabi_uldivmod.o) (__udivmoddi4)
c:/program files/microchip/xc32/v4.10/bin/bin/../../lib/gcc/pic32c/8.3.1/../../../../pic32c/lib/arm/v7-a+simd/hard\libc-musl.a(__libc_start_main.o)
                              build/sam_a7g5_ek_IMX219/production/_ext/1488356311/cstartup.o (__libc_init_array)
c:/program files/microchip/xc32/v4.10/bin/bin/../../lib/gcc/pic32c/8.3.1/../../../../pic32c/lib/arm/v7-a+simd/hard\libc-musl.a(libc.o)
                              c:/program files/microchip/xc32/v4.10/bin/bin/../../lib/gcc/pic32c/8.3.1/../../../../pic32c/lib/arm/v7-a+simd/hard\libc-musl.a(__libc_start_main.o) (__progname_full)
c:/program files/microchip/xc32/v4.10/bin/bin/../../lib/gcc/pic32c/8.3.1/../../../../pic32c/lib/arm/v7-a+simd/hard\libc-musl.a(malloc.o)
                              build/sam_a7g5_ek_IMX219/production/_ext/700024671/usb_host.o (free)
c:/program files/microchip/xc32/v4.10/bin/bin/../../lib/gcc/pic32c/8.3.1/../../../../pic32c/lib/arm/v7-a+simd/hard\libc-musl.a(expand_heap.o)
                              c:/program files/microchip/xc32/v4.10/bin/bin/../../lib/gcc/pic32c/8.3.1/../../../../pic32c/lib/arm/v7-a+simd/hard\libc-musl.a(malloc.o) (__expand_heap)
c:/program files/microchip/xc32/v4.10/bin/bin/../../lib/gcc/pic32c/8.3.1/../../../../pic32c/lib/arm/v7-a+simd/hard\libc-musl.a(__sio_sprintf_doux.o)
                              (_sprintf_cdnopuxX)
c:/program files/microchip/xc32/v4.10/bin/bin/../../lib/gcc/pic32c/8.3.1/../../../../pic32c/lib/arm/v7-a+simd/hard\libc-musl.a(__fmt_d.o)
                              c:/program files/microchip/xc32/v4.10/bin/bin/../../lib/gcc/pic32c/8.3.1/../../../../pic32c/lib/arm/v7-a+simd/hard\libc-musl.a(__sio_sprintf_doux.o) (__fmt_d_needed)
c:/program files/microchip/xc32/v4.10/bin/bin/../../lib/gcc/pic32c/8.3.1/../../../../pic32c/lib/arm/v7-a+simd/hard\libc-musl.a(__fmt_o.o)
                              c:/program files/microchip/xc32/v4.10/bin/bin/../../lib/gcc/pic32c/8.3.1/../../../../pic32c/lib/arm/v7-a+simd/hard\libc-musl.a(__sio_sprintf_doux.o) (__fmt_o_needed)
c:/program files/microchip/xc32/v4.10/bin/bin/../../lib/gcc/pic32c/8.3.1/../../../../pic32c/lib/arm/v7-a+simd/hard\libc-musl.a(__fmt_s.o)
                              c:/program files/microchip/xc32/v4.10/bin/bin/../../lib/gcc/pic32c/8.3.1/../../../../pic32c/lib/arm/v7-a+simd/hard\libc-musl.a(__sio_sprintf_doux.o) (__fmt_s_needed)
c:/program files/microchip/xc32/v4.10/bin/bin/../../lib/gcc/pic32c/8.3.1/../../../../pic32c/lib/arm/v7-a+simd/hard\libc-musl.a(__fmt_u.o)
                              c:/program files/microchip/xc32/v4.10/bin/bin/../../lib/gcc/pic32c/8.3.1/../../../../pic32c/lib/arm/v7-a+simd/hard\libc-musl.a(__fmt_d.o) (__cvt_u)
c:/program files/microchip/xc32/v4.10/bin/bin/../../lib/gcc/pic32c/8.3.1/../../../../pic32c/lib/arm/v7-a+simd/hard\libc-musl.a(__fmt_x.o)
                              c:/program files/microchip/xc32/v4.10/bin/bin/../../lib/gcc/pic32c/8.3.1/../../../../pic32c/lib/arm/v7-a+simd/hard\libc-musl.a(__sio_sprintf_doux.o) (__fmt_x_needed)
c:/program files/microchip/xc32/v4.10/bin/bin/../../lib/gcc/pic32c/8.3.1/../../../../pic32c/lib/arm/v7-a+simd/hard\libc-musl.a(__printf_core.o)
                              c:/program files/microchip/xc32/v4.10/bin/bin/../../lib/gcc/pic32c/8.3.1/../../../../pic32c/lib/arm/v7-a+simd/hard\libc-musl.a(__fmt_d.o) (__pad)
c:/program files/microchip/xc32/v4.10/bin/bin/../../lib/gcc/pic32c/8.3.1/../../../../pic32c/lib/arm/v7-a+simd/hard\libc-musl.a(atoi.o)
                              c:/program files/microchip/xc32/v4.10/bin/bin/../../lib/gcc/pic32c/8.3.1/../../../../pic32c/lib/arm/v7-a+simd/hard\libc-musl.a(__printf_core.o) (atoi)
c:/program files/microchip/xc32/v4.10/bin/bin/../../lib/gcc/pic32c/8.3.1/../../../../pic32c/lib/arm/v7-a+simd/hard\libc-musl.a(memcmp.o)
                              build/sam_a7g5_ek_IMX219/production/_ext/819346896/ff.o (memcmp)
[...]
Memory Configuration

Name             Origin             Length             Attributes
sram             0x00100000         0x00020000         !xrw
ram              0x61000000         0x7f000000         xrw
ram_nocache      0x60000000         0x01000000         !xrw
rom              0x00000000         0x00000000         xrl
*default*        0x00000000         0xffffffff

Linker script and memory map

LOAD c:/program files/microchip/xc32/v4.10/bin/bin/../../lib/gcc/pic32c/8.3.1/arm/v7-a+simd/hard/crti.o
LOAD c:/program files/microchip/xc32/v4.10/bin/bin/../../lib/gcc/pic32c/8.3.1/arm/v7-a+simd/hard/crtbegin.o
LOAD build/sam_a7g5_ek_IMX219/production/_ext/1336515591/bsp.o
LOAD build/sam_a7g5_ek_IMX219/production/_ext/280195744/drv_imx219.o
LOAD build/sam_a7g5_ek_IMX219/production/_ext/280195744/drv_cam.o
LOAD build/sam_a7g5_ek_IMX219/production/_ext/1154158272/drv_i2c.o
LOAD build/sam_a7g5_ek_IMX219/production/_ext/280202058/drv_isc.o
LOAD build/sam_a7g5_ek_IMX219/production/_ext/259934552/drv_usb_ohci.o
LOAD build/sam_a7g5_ek_IMX219/production/_ext/259934552/drv_usb_ehci.o
LOAD build/sam_a7g5_ek_IMX219/production/_ext/1252377785/plib_clk.o
LOAD build/sam_a7g5_ek_IMX219/production/_ext/168965410/plib_dwdt.o
LOAD build/sam_a7g5_ek_IMX219/production/_ext/177898253/plib_flexcom8_twi_master.o
LOAD build/sam_a7g5_ek_IMX219/production/_ext/1252374042/plib_gic.o
LOAD build/sam_a7g5_ek_IMX219/production/_ext/1252371810/plib_csi2dc.o
LOAD build/sam_a7g5_ek_IMX219/production/_ext/1252371810/plib_isc.o
LOAD build/sam_a7g5_ek_IMX219/production/_ext/1252371810/plib_mipi_csi.o
LOAD build/sam_a7g5_ek_IMX219/production/_ext/1252371810/plib_mipi_csi_dphy.o
LOAD build/sam_a7g5_ek_IMX219/production/_ext/1070821244/plib_matrix.o
LOAD build/sam_a7g5_ek_IMX219/production/_ext/1252368134/plib_mmu.o
LOAD build/sam_a7g5_ek_IMX219/production/_ext/1252365381/plib_pio.o
LOAD build/sam_a7g5_ek_IMX219/production/_ext/1287324758/plib_tc0.o
LOAD build/sam_a7g5_ek_IMX219/production/_ext/211982929/xc32_monitor.o
LOAD build/sam_a7g5_ek_IMX219/production/_ext/1860097318/sys_cache.o
LOAD build/sam_a7g5_ek_IMX219/production/_ext/819346896/ffunicode.o
LOAD build/sam_a7g5_ek_IMX219/production/_ext/819346896/ff.o
LOAD build/sam_a7g5_ek_IMX219/production/_ext/521048089/diskio.o
LOAD build/sam_a7g5_ek_IMX219/production/_ext/1727469238/sys_fs_media_manager.o
LOAD build/sam_a7g5_ek_IMX219/production/_ext/1727469238/sys_fs_fat_interface.o
LOAD build/sam_a7g5_ek_IMX219/production/_ext/1727469238/sys_fs.o
LOAD build/sam_a7g5_ek_IMX219/production/_ext/569125148/sys_int.o
LOAD build/sam_a7g5_ek_IMX219/production/_ext/2136021686/sys_time.o
LOAD build/sam_a7g5_ek_IMX219/production/_ext/700024671/usb_host_msd.o
LOAD build/sam_a7g5_ek_IMX219/production/_ext/700024671/usb_host_scsi.o
LOAD build/sam_a7g5_ek_IMX219/production/_ext/700024671/usb_host.o
LOAD build/sam_a7g5_ek_IMX219/production/_ext/1488356311/initialization.o
LOAD build/sam_a7g5_ek_IMX219/production/_ext/1488356311/fault_handlers.o
LOAD build/sam_a7g5_ek_IMX219/production/_ext/1488356311/tasks.o
LOAD build/sam_a7g5_ek_IMX219/production/_ext/1488356311/usb_host_init_data.o
LOAD build/sam_a7g5_ek_IMX219/production/_ext/1488356311/interrupts.o
LOAD build/sam_a7g5_ek_IMX219/production/_ext/1488356311/cstartup.o
LOAD build/sam_a7g5_ek_IMX219/production/_ext/1360937237/main.o
LOAD build/sam_a7g5_ek_IMX219/production/_ext/1360937237/app.o
                0x00000001                __MPLAB_BUILD = 0x1
                0x00001000                C_STACK_SIZE = 0x1000
                0x00000060                IRQ_STACK_SIZE = 0x60
                0x00000060                FIQ_STACK_SIZE = 0x60
                0x00001000                SVC_STACK_SIZE = 0x1000
                0x00000040                ABT_STACK_SIZE = 0x40
                0x00000040                UND_STACK_SIZE = 0x40

.text           0x66f00000    0x2bab0
                0x66f00000                . = ALIGN (0x4)
                0x66f00000                _sfixed = .
 *(.textEntry)
 .textEntry     0x66f00000      0x138 build/sam_a7g5_ek_IMX219/production/_ext/1488356311/cstartup.o
                0x66f00000                entry
 *(.text .text.* .gnu.linkonce.t.*)
 .text          0x66f00138       0x70 c:/program files/microchip/xc32/v4.10/bin/bin/../../lib/gcc/pic32c/8.3.1/arm/v7-a+simd/hard/crtbegin.o
 .text.BSP_Initialize
                0x66f001a8       0x78 build/sam_a7g5_ek_IMX219/production/_ext/1336515591/bsp.o
                0x66f001a8                BSP_Initialize
 .text._sleep   0x66f00220       0x6c build/sam_a7g5_ek_IMX219/production/_ext/280195744/drv_imx219.o
 .text._i2cEventHandler
                0x66f0028c       0x5c build/sam_a7g5_ek_IMX219/production/_ext/280195744/drv_imx219.o
 .text._read    0x66f002e8      0x10c build/sam_a7g5_ek_IMX219/production/_ext/280195744/drv_imx219.o
 .text._write   0x66f003f4      0x178 build/sam_a7g5_ek_IMX219/production/_ext/280195744/drv_imx219.o
 .text._writeTable
                0x66f0056c       0xc0 build/sam_a7g5_ek_IMX219/production/_ext/280195744/drv_imx219.o
 .text.drv_imx219_setup
                0x66f0062c       0x1c build/sam_a7g5_ek_IMX219/production/_ext/280195744/drv_imx219.o
 .text.drv_imx219_verifyChipID
                0x66f00648       0x7c build/sam_a7g5_ek_IMX219/production/_ext/280195744/drv_imx219.o
 .text.drv_imx219_bsp_init
                0x66f006c4       0x44 build/sam_a7g5_ek_IMX219/production/_ext/280195744/drv_imx219.o
 .text.drv_imgsensor_setup
                0x66f00708       0x14 build/sam_a7g5_ek_IMX219/production/_ext/280195744/drv_imx219.o
                0x66f00708                drv_imgsensor_setup
 .text.drv_imgsensor_verifyChipID
                0x66f0071c       0x18 build/sam_a7g5_ek_IMX219/production/_ext/280195744/drv_imx219.o
                0x66f0071c                drv_imgsensor_verifyChipID
 .text.drv_imgsensor_bsp_init
                0x66f00734       0x14 build/sam_a7g5_ek_IMX219/production/_ext/280195744/drv_imx219.o
                0x66f00734                drv_imgsensor_bsp_init
 .text.DRV_Camera_Detect
                0x66f00748       0x34 build/sam_a7g5_ek_IMX219/production/_ext/280195744/drv_cam.o
 .text.DRV_Camera_Setup
                0x66f0077c       0x14 build/sam_a7g5_ek_IMX219/production/_ext/280195744/drv_cam.o
 .text.DRV_Camera_Init
                0x66f00790       0x24 build/sam_a7g5_ek_IMX219/production/_ext/280195744/drv_cam.o
                0x66f00790                DRV_Camera_Init
 .text._DRV_I2C_MAKE_HANDLE
                0x66f007b4       0x50 build/sam_a7g5_ek_IMX219/production/_ext/1154158272/drv_i2c.o
 .text._DRV_I2C_UPDATE_TOKEN
                0x66f00804       0x4c build/sam_a7g5_ek_IMX219/production/_ext/1154158272/drv_i2c.o
 .text._DRV_I2C_DriverHandleValidate
                0x66f00850      0x114 build/sam_a7g5_ek_IMX219/production/_ext/1154158272/drv_i2c.o
 .text._DRV_I2C_ResourceLock
                0x66f00964      0x1b8 build/sam_a7g5_ek_IMX219/production/_ext/1154158272/drv_i2c.o
 .text._DRV_I2C_ResourceUnlock
                0x66f00b1c      0x16c build/sam_a7g5_ek_IMX219/production/_ext/1154158272/drv_i2c.o
 .text._DRV_I2C_FreeTransferObjGet
                0x66f00c88      0x150 build/sam_a7g5_ek_IMX219/production/_ext/1154158272/drv_i2c.o
 .text._DRV_I2C_TransferObjAddToList
                0x66f00dd8       0xac build/sam_a7g5_ek_IMX219/production/_ext/1154158272/drv_i2c.o
 .text._DRV_I2C_TransferObjListGet
                0x66f00e84       0x38 build/sam_a7g5_ek_IMX219/production/_ext/1154158272/drv_i2c.o
 .text._DRV_I2C_RemoveTransferObjFromList
                0x66f00ebc       0x80 build/sam_a7g5_ek_IMX219/production/_ext/1154158272/drv_i2c.o
 .text._DRV_I2C_ClientCallback
                0x66f00f3c       0xe8 build/sam_a7g5_ek_IMX219/production/_ext/1154158272/drv_i2c.o
 .text._DRV_I2C_NextTransferInitiate
                0x66f01024      0x224 build/sam_a7g5_ek_IMX219/production/_ext/1154158272/drv_i2c.o
 .text._DRV_I2C_PLibCallbackHandler
                0x66f01248       0xf4 build/sam_a7g5_ek_IMX219/production/_ext/1154158272/drv_i2c.o
 .text.DRV_I2C_Initialize
                0x66f0133c      0x1e4 build/sam_a7g5_ek_IMX219/production/_ext/1154158272/drv_i2c.o
                0x66f0133c                DRV_I2C_Initialize
 .text.DRV_I2C_Open
                0x66f01520      0x2d8 build/sam_a7g5_ek_IMX219/production/_ext/1154158272/drv_i2c.o
                0x66f01520                DRV_I2C_Open
 .text.DRV_I2C_TransferEventHandlerSet
                0x66f017f8       0xb4 build/sam_a7g5_ek_IMX219/production/_ext/1154158272/drv_i2c.o
                0x66f017f8                DRV_I2C_TransferEventHandlerSet
 .text._DRV_I2C_WriteReadTransferAdd
                0x66f018ac      0x40c build/sam_a7g5_ek_IMX219/production/_ext/1154158272/drv_i2c.o
 .text.DRV_I2C_WriteTransferAdd
                0x66f01cb8       0x60 build/sam_a7g5_ek_IMX219/production/_ext/1154158272/drv_i2c.o
                0x66f01cb8                DRV_I2C_WriteTransferAdd
 .text.DRV_I2C_WriteReadTransferAdd
                0x66f01d18       0x60 build/sam_a7g5_ek_IMX219/production/_ext/1154158272/drv_i2c.o
                0x66f01d18                DRV_I2C_WriteReadTransferAdd
 .text._DRV_ISC_Configure_DMA
                0x66f01d78       0xcc build/sam_a7g5_ek_IMX219/production/_ext/280202058/drv_isc.o
 .text._DRV_DisableISC
                0x66f01e44       0x28 build/sam_a7g5_ek_IMX219/production/_ext/280202058/drv_isc.o
 .text.isc_interrupt_callback
                0x66f01e6c       0x20 build/sam_a7g5_ek_IMX219/production/_ext/280202058/drv_isc.o
                0x66f01e6c                isc_interrupt_callback
 .text.DRV_ISC_Configure
                0x66f01e8c       0xf0 build/sam_a7g5_ek_IMX219/production/_ext/280202058/drv_isc.o
                0x66f01e8c                DRV_ISC_Configure
 .text.DRV_ISC_Capture
                0x66f01f7c       0x38 build/sam_a7g5_ek_IMX219/production/_ext/280202058/drv_isc.o
                0x66f01f7c                DRV_ISC_Capture
 .text.DRV_ISC_Initialize
                0x66f01fb4       0x2c build/sam_a7g5_ek_IMX219/production/_ext/280202058/drv_isc.o
                0x66f01fb4                DRV_ISC_Initialize
 .text.GIC_EnableIRQ
                0x66f01fe0       0x54 build/sam_a7g5_ek_IMX219/production/_ext/259934552/drv_usb_ohci.o
 .text._DRV_USB_OHCI_PeriodicListRemove
                0x66f02034       0xf4 build/sam_a7g5_ek_IMX219/production/_ext/259934552/drv_usb_ohci.o
                0x66f02034                _DRV_USB_OHCI_PeriodicListRemove
 .text._DRV_USB_OHCI_GetPollingIndex
                0x66f02128       0x6c build/sam_a7g5_ek_IMX219/production/_ext/259934552/drv_usb_ohci.o
                0x66f02128                _DRV_USB_OHCI_GetPollingIndex
 .text._DRV_USB_OHCI_GetUniqueKey
                0x66f02194       0x74 build/sam_a7g5_ek_IMX219/production/_ext/259934552/drv_usb_ohci.o
                0x66f02194                _DRV_USB_OHCI_GetUniqueKey
 .text._DRV_USB_OHCI_PipeCloseTask
                0x66f02208      0x57c build/sam_a7g5_ek_IMX219/production/_ext/259934552/drv_usb_ohci.o
                0x66f02208                _DRV_USB_OHCI_PipeCloseTask
 .text._DRV_USB_OHCI_PortsTask
                0x66f02784      0x364 build/sam_a7g5_ek_IMX219/production/_ext/259934552/drv_usb_ohci.o
                0x66f02784                _DRV_USB_OHCI_PortsTask
 .text._DRV_USB_OHCI_DataTransferTD
                0x66f02ae8      0x124 build/sam_a7g5_ek_IMX219/production/_ext/259934552/drv_usb_ohci.o
                0x66f02ae8                _DRV_USB_OHCI_DataTransferTD
 .text._DRV_USB_OHCI_ControlTransferTD
                0x66f02c0c      0x330 build/sam_a7g5_ek_IMX219/production/_ext/259934552/drv_usb_ohci.o
                0x66f02c0c                _DRV_USB_OHCI_ControlTransferTD
 .text._DRV_USB_OHCI_DataTransferProcess
                0x66f02f3c      0x440 build/sam_a7g5_ek_IMX219/production/_ext/259934552/drv_usb_ohci.o
                0x66f02f3c                _DRV_USB_OHCI_DataTransferProcess
 .text._DRV_USB_OHCI_ControlTransferProcess
                0x66f0337c      0x40c build/sam_a7g5_ek_IMX219/production/_ext/259934552/drv_usb_ohci.o
                0x66f0337c                _DRV_USB_OHCI_ControlTransferProcess
 .text.DRV_USB_OHCI_Initialize
                0x66f03788      0x2b4 build/sam_a7g5_ek_IMX219/production/_ext/259934552/drv_usb_ohci.o
                0x66f03788                DRV_USB_OHCI_Initialize
 .text.DRV_USB_OHCI_Open
                0x66f03a3c      0x13c build/sam_a7g5_ek_IMX219/production/_ext/259934552/drv_usb_ohci.o
                0x66f03a3c                DRV_USB_OHCI_Open
 .text.DRV_USB_OHCI_Close
                0x66f03b78       0x90 build/sam_a7g5_ek_IMX219/production/_ext/259934552/drv_usb_ohci.o
                0x66f03b78                DRV_USB_OHCI_Close
 .text.DRV_USB_OHCI_Tasks
                0x66f03c08       0x84 build/sam_a7g5_ek_IMX219/production/_ext/259934552/drv_usb_ohci.o
                0x66f03c08                DRV_USB_OHCI_Tasks
 .text.DRV_USB_OHCI_IRPSubmit
                0x66f03c8c      0x668 build/sam_a7g5_ek_IMX219/production/_ext/259934552/drv_usb_ohci.o
                0x66f03c8c                DRV_USB_OHCI_IRPSubmit
 .text.DRV_USB_OHCI_IRPCancel
                0x66f042f4      0x354 build/sam_a7g5_ek_IMX219/production/_ext/259934552/drv_usb_ohci.o
                0x66f042f4                DRV_USB_OHCI_IRPCancel
 .text.DRV_USB_OHCI_PipeClose
                0x66f04648      0x23c build/sam_a7g5_ek_IMX219/production/_ext/259934552/drv_usb_ohci.o
                0x66f04648                DRV_USB_OHCI_PipeClose
 .text.DRV_USB_OHCI_PipeSetup
                0x66f04884      0xe58 build/sam_a7g5_ek_IMX219/production/_ext/259934552/drv_usb_ohci.o
                0x66f04884                DRV_USB_OHCI_PipeSetup
 .text.DRV_USB_OHCI_EventsDisable
                0x66f056dc       0xa4 build/sam_a7g5_ek_IMX219/production/_ext/259934552/drv_usb_ohci.o
                0x66f056dc                DRV_USB_OHCI_EventsDisable
 .text.DRV_USB_OHCI_EventsEnable
                0x66f05780       0xa4 build/sam_a7g5_ek_IMX219/production/_ext/259934552/drv_usb_ohci.o
                0x66f05780                DRV_USB_OHCI_EventsEnable
 .text.DRV_USB_OHCI_OperationEnable
                0x66f05824      0x42c build/sam_a7g5_ek_IMX219/production/_ext/259934552/drv_usb_ohci.o
                0x66f05824                DRV_USB_OHCI_OperationEnable
 .text.DRV_USB_OHCI_OperationIsEnabled
                0x66f05c50      0x1a4 build/sam_a7g5_ek_IMX219/production/_ext/259934552/drv_usb_ohci.o
                0x66f05c50                DRV_USB_OHCI_OperationIsEnabled
 .text.DRV_USB_OHCI_PortReset
                0x66f05df4      0x170 build/sam_a7g5_ek_IMX219/production/_ext/259934552/drv_usb_ohci.o
                0x66f05df4                DRV_USB_OHCI_PortReset
 .text.DRV_USB_OHCI_PortSpeedGet
                0x66f05f64      0x130 build/sam_a7g5_ek_IMX219/production/_ext/259934552/drv_usb_ohci.o
                0x66f05f64                DRV_USB_OHCI_PortSpeedGet
 .text.DRV_USB_OHCI_PortResetIsComplete
                0x66f06094       0xf0 build/sam_a7g5_ek_IMX219/production/_ext/259934552/drv_usb_ohci.o
                0x66f06094                DRV_USB_OHCI_PortResetIsComplete
 .text.DRV_USB_OHCI_PortSuspend
                0x66f06184       0x2c build/sam_a7g5_ek_IMX219/production/_ext/259934552/drv_usb_ohci.o
                0x66f06184                DRV_USB_OHCI_PortSuspend
 .text.DRV_USB_OHCI_PortResume
                0x66f061b0       0x2c build/sam_a7g5_ek_IMX219/production/_ext/259934552/drv_usb_ohci.o
                0x66f061b0                DRV_USB_OHCI_PortResume
 .text.DRV_USB_OHCI_BusSpeedGet
                0x66f061dc       0x80 build/sam_a7g5_ek_IMX219/production/_ext/259934552/drv_usb_ohci.o
                0x66f061dc                DRV_USB_OHCI_BusSpeedGet
 .text.DRV_USB_OHCI_MaximumCurrentGet
                0x66f0625c       0x9c build/sam_a7g5_ek_IMX219/production/_ext/259934552/drv_usb_ohci.o
                0x66f0625c                DRV_USB_OHCI_MaximumCurrentGet
 .text.DRV_USB_OHCI_PortNumbersGet
                0x66f062f8       0xa0 build/sam_a7g5_ek_IMX219/production/_ext/259934552/drv_usb_ohci.o
                0x66f062f8                DRV_USB_OHCI_PortNumbersGet
 .text.DRV_USB_OHCI_RootHubInitialize
                0x66f06398       0x94 build/sam_a7g5_ek_IMX219/production/_ext/259934552/drv_usb_ohci.o
                0x66f06398                DRV_USB_OHCI_RootHubInitialize
 .text.DRV_USB_OHCI_EndpointToggleClear
                0x66f0642c       0xe4 build/sam_a7g5_ek_IMX219/production/_ext/259934552/drv_usb_ohci.o
                0x66f0642c                DRV_USB_OHCI_EndpointToggleClear
 .text.DRV_USB_OHCI_IsCompanionControllerReady
                0x66f06510       0xa8 build/sam_a7g5_ek_IMX219/production/_ext/259934552/drv_usb_ohci.o
                0x66f06510                DRV_USB_OHCI_IsCompanionControllerReady
 .text.DRV_USB_OHCI_Tasks_ISR
                0x66f065b8      0x4bc build/sam_a7g5_ek_IMX219/production/_ext/259934552/drv_usb_ohci.o
                0x66f065b8                DRV_USB_OHCI_Tasks_ISR
 .text.GIC_EnableIRQ
                0x66f06a74       0x54 build/sam_a7g5_ek_IMX219/production/_ext/259934552/drv_usb_ehci.o
 .text.GIC_ClearPendingIRQ
                0x66f06ac8       0x98 build/sam_a7g5_ek_IMX219/production/_ext/259934552/drv_usb_ehci.o
 .text._DRV_USB_EHCI_GetUniqueKey
                0x66f06b60       0x74 build/sam_a7g5_ek_IMX219/production/_ext/259934552/drv_usb_ehci.o
                0x66f06b60                _DRV_USB_EHCI_GetUniqueKey
 .text._DRV_USB_EHCI_QTDBufferPointerSetup
                0x66f06bd4      0x10c build/sam_a7g5_ek_IMX219/production/_ext/259934552/drv_usb_ehci.o
                0x66f06bd4                _DRV_USB_EHCI_QTDBufferPointerSetup
 .text._DRV_USB_EHCI_ControlTransferQTD
                0x66f06ce0      0x3b0 build/sam_a7g5_ek_IMX219/production/_ext/259934552/drv_usb_ehci.o
                0x66f06ce0                _DRV_USB_EHCI_ControlTransferQTD
 .text._DRV_USB_EHCI_PortsTask
                0x66f07090      0x554 build/sam_a7g5_ek_IMX219/production/_ext/259934552/drv_usb_ehci.o
                0x66f07090                _DRV_USB_EHCI_PortsTask
 .text._DRV_USB_EHCI_CheckQHForError
                0x66f075e4       0x9c build/sam_a7g5_ek_IMX219/production/_ext/259934552/drv_usb_ehci.o
                0x66f075e4                _DRV_USB_EHCI_CheckQHForError
 .text._DRV_USB_EHCI_CheckQTDForError
                0x66f07680       0x9c build/sam_a7g5_ek_IMX219/production/_ext/259934552/drv_usb_ehci.o
                0x66f07680                _DRV_USB_EHCI_CheckQTDForError
 .text._DRV_USB_EHCI_DataQTD
                0x66f0771c      0x1b8 build/sam_a7g5_ek_IMX219/production/_ext/259934552/drv_usb_ehci.o
                0x66f0771c                _DRV_USB_EHCI_DataQTD
 .text._DRV_USB_EHCI_BulkTransferProcess
                0x66f078d4      0x378 build/sam_a7g5_ek_IMX219/production/_ext/259934552/drv_usb_ehci.o
                0x66f078d4                _DRV_USB_EHCI_BulkTransferProcess
 .text._DRV_USB_EHCI_ControlTransferProcess
                0x66f07c4c      0x298 build/sam_a7g5_ek_IMX219/production/_ext/259934552/drv_usb_ehci.o
                0x66f07c4c                _DRV_USB_EHCI_ControlTransferProcess
 .text._DRV_USB_EHCI_PeriodicListRemove
                0x66f07ee4       0xfc build/sam_a7g5_ek_IMX219/production/_ext/259934552/drv_usb_ehci.o
                0x66f07ee4                _DRV_USB_EHCI_PeriodicListRemove
 .text._DRV_USB_EHCI_PipeCloseTask
                0x66f07fe0      0x580 build/sam_a7g5_ek_IMX219/production/_ext/259934552/drv_usb_ehci.o
                0x66f07fe0                _DRV_USB_EHCI_PipeCloseTask
 .text.DRV_USB_EHCI_Initialize
                0x66f08560      0x650 build/sam_a7g5_ek_IMX219/production/_ext/259934552/drv_usb_ehci.o
                0x66f08560                DRV_USB_EHCI_Initialize
 .text.DRV_USB_EHCI_Open
                0x66f08bb0      0x13c build/sam_a7g5_ek_IMX219/production/_ext/259934552/drv_usb_ehci.o
                0x66f08bb0                DRV_USB_EHCI_Open
 .text.DRV_USB_EHCI_Close
                0x66f08cec       0x90 build/sam_a7g5_ek_IMX219/production/_ext/259934552/drv_usb_ehci.o
                0x66f08cec                DRV_USB_EHCI_Close
 .text.DRV_USB_EHCI_Tasks
                0x66f08d7c       0xc4 build/sam_a7g5_ek_IMX219/production/_ext/259934552/drv_usb_ehci.o
                0x66f08d7c                DRV_USB_EHCI_Tasks
 .text.DRV_USB_EHCI_IRPSubmit
                0x66f08e40      0xb60 build/sam_a7g5_ek_IMX219/production/_ext/259934552/drv_usb_ehci.o
                0x66f08e40                DRV_USB_EHCI_IRPSubmit
 .text.DRV_USB_EHCI_IRPCancel
                0x66f099a0      0x398 build/sam_a7g5_ek_IMX219/production/_ext/259934552/drv_usb_ehci.o
                0x66f099a0                DRV_USB_EHCI_IRPCancel
 .text.DRV_USB_EHCI_PipeClose
                0x66f09d38      0x330 build/sam_a7g5_ek_IMX219/production/_ext/259934552/drv_usb_ehci.o
                0x66f09d38                DRV_USB_EHCI_PipeClose
 .text.DRV_USB_EHCI_PipeSetup
                0x66f0a068      0x798 build/sam_a7g5_ek_IMX219/production/_ext/259934552/drv_usb_ehci.o
                0x66f0a068                DRV_USB_EHCI_PipeSetup
 .text.DRV_USB_EHCI_EventsDisable
                0x66f0a800       0xa4 build/sam_a7g5_ek_IMX219/production/_ext/259934552/drv_usb_ehci.o
                0x66f0a800                DRV_USB_EHCI_EventsDisable
 .text.DRV_USB_EHCI_EventsEnable
                0x66f0a8a4       0xa4 build/sam_a7g5_ek_IMX219/production/_ext/259934552/drv_usb_ehci.o
                0x66f0a8a4                DRV_USB_EHCI_EventsEnable
 .text.DRV_USB_EHCI_OperationEnable
                0x66f0a948      0x11c build/sam_a7g5_ek_IMX219/production/_ext/259934552/drv_usb_ehci.o
                0x66f0a948                DRV_USB_EHCI_OperationEnable
 .text.DRV_USB_EHCI_OperationIsEnabled
                0x66f0aa64      0x3b0 build/sam_a7g5_ek_IMX219/production/_ext/259934552/drv_usb_ehci.o
                0x66f0aa64                DRV_USB_EHCI_OperationIsEnabled
 .text.DRV_USB_EHCI_PortReset
                0x66f0ae14      0x110 build/sam_a7g5_ek_IMX219/production/_ext/259934552/drv_usb_ehci.o
                0x66f0ae14                DRV_USB_EHCI_PortReset
 .text.DRV_USB_EHCI_PortSpeedGet
                0x66f0af24      0x10c build/sam_a7g5_ek_IMX219/production/_ext/259934552/drv_usb_ehci.o
                0x66f0af24                DRV_USB_EHCI_PortSpeedGet
 .text.DRV_USB_EHCI_PortResetIsComplete
                0x66f0b030       0xf0 build/sam_a7g5_ek_IMX219/production/_ext/259934552/drv_usb_ehci.o
                0x66f0b030                DRV_USB_EHCI_PortResetIsComplete
 .text.DRV_USB_EHCI_PortResume
                0x66f0b120       0x2c build/sam_a7g5_ek_IMX219/production/_ext/259934552/drv_usb_ehci.o
                0x66f0b120                DRV_USB_EHCI_PortResume
 .text.DRV_USB_EHCI_PortSuspend
                0x66f0b14c       0x2c build/sam_a7g5_ek_IMX219/production/_ext/259934552/drv_usb_ehci.o
                0x66f0b14c                DRV_USB_EHCI_PortSuspend
 .text.DRV_USB_EHCI_BusSpeedGet
                0x66f0b178       0x80 build/sam_a7g5_ek_IMX219/production/_ext/259934552/drv_usb_ehci.o
                0x66f0b178                DRV_USB_EHCI_BusSpeedGet
 .text.DRV_USB_EHCI_MaximumCurrentGet
                0x66f0b1f8       0x9c build/sam_a7g5_ek_IMX219/production/_ext/259934552/drv_usb_ehci.o
                0x66f0b1f8                DRV_USB_EHCI_MaximumCurrentGet
 .text.DRV_USB_EHCI_PortNumbersGet
                0x66f0b294       0xac build/sam_a7g5_ek_IMX219/production/_ext/259934552/drv_usb_ehci.o
                0x66f0b294                DRV_USB_EHCI_PortNumbersGet
 .text.DRV_USB_EHCI_RootHubInitialize
                0x66f0b340       0x94 build/sam_a7g5_ek_IMX219/production/_ext/259934552/drv_usb_ehci.o
                0x66f0b340                DRV_USB_EHCI_RootHubInitialize
 .text.DRV_USB_EHCI_EndpointToggleClear
                0x66f0b3d4       0xe4 build/sam_a7g5_ek_IMX219/production/_ext/259934552/drv_usb_ehci.o
                0x66f0b3d4                DRV_USB_EHCI_EndpointToggleClear
 .text.DRV_USB_EHCI_Tasks_ISR
                0x66f0b4b8      0x37c build/sam_a7g5_ek_IMX219/production/_ext/259934552/drv_usb_ehci.o
                0x66f0b4b8                DRV_USB_EHCI_Tasks_ISR
 .text.UHPHS_Handler
                0x66f0b834       0x38 build/sam_a7g5_ek_IMX219/production/_ext/259934552/drv_usb_ehci.o
                0x66f0b834                UHPHS_Handler
 .text.initProgrammableClocks
                0x66f0b86c       0x28 build/sam_a7g5_ek_IMX219/production/_ext/1252377785/plib_clk.o
 .text.initPeripheralClocks
                0x66f0b894      0x170 build/sam_a7g5_ek_IMX219/production/_ext/1252377785/plib_clk.o
 .text.initSystemCounter
                0x66f0ba04       0x90 build/sam_a7g5_ek_IMX219/production/_ext/1252377785/plib_clk.o
 .text.CLK_Initialize
                0x66f0ba94       0x2c build/sam_a7g5_ek_IMX219/production/_ext/1252377785/plib_clk.o
                0x66f0ba94                CLK_Initialize
 .text.DWDT_PS_Initialize
                0x66f0bac0       0x78 build/sam_a7g5_ek_IMX219/production/_ext/168965410/plib_dwdt.o
 .text.DWDT_NS_Initialize
                0x66f0bb38       0x64 build/sam_a7g5_ek_IMX219/production/_ext/168965410/plib_dwdt.o
 .text.DWDT_Initialize
                0x66f0bb9c       0x18 build/sam_a7g5_ek_IMX219/production/_ext/168965410/plib_dwdt.o
                0x66f0bb9c                DWDT_Initialize
 .text.FLEXCOM8_TWI_Initialize
                0x66f0bbb4       0xec build/sam_a7g5_ek_IMX219/production/_ext/177898253/plib_flexcom8_twi_master.o
                0x66f0bbb4                FLEXCOM8_TWI_Initialize
 .text.FLEXCOM8_TWI_InitiateRead
                0x66f0bca0       0xa4 build/sam_a7g5_ek_IMX219/production/_ext/177898253/plib_flexcom8_twi_master.o
 .text.FLEXCOM8_TWI_InitiateTransfer
                0x66f0bd44      0x2b4 build/sam_a7g5_ek_IMX219/production/_ext/177898253/plib_flexcom8_twi_master.o
 .text.FLEXCOM8_TWI_CallbackRegister
                0x66f0bff8       0x54 build/sam_a7g5_ek_IMX219/production/_ext/177898253/plib_flexcom8_twi_master.o
                0x66f0bff8                FLEXCOM8_TWI_CallbackRegister
 .text.FLEXCOM8_TWI_Read
                0x66f0c04c       0xec build/sam_a7g5_ek_IMX219/production/_ext/177898253/plib_flexcom8_twi_master.o
                0x66f0c04c                FLEXCOM8_TWI_Read
 .text.FLEXCOM8_TWI_Write
                0x66f0c138       0xec build/sam_a7g5_ek_IMX219/production/_ext/177898253/plib_flexcom8_twi_master.o
                0x66f0c138                FLEXCOM8_TWI_Write
 .text.FLEXCOM8_TWI_WriteRead
                0x66f0c224       0xf0 build/sam_a7g5_ek_IMX219/production/_ext/177898253/plib_flexcom8_twi_master.o
                0x66f0c224                FLEXCOM8_TWI_WriteRead
 .text.FLEXCOM8_TWI_TransferAbort
                0x66f0c314       0x74 build/sam_a7g5_ek_IMX219/production/_ext/177898253/plib_flexcom8_twi_master.o
                0x66f0c314                FLEXCOM8_TWI_TransferAbort
 .text.FLEXCOM8_TWI_ErrorGet
                0x66f0c388       0x40 build/sam_a7g5_ek_IMX219/production/_ext/177898253/plib_flexcom8_twi_master.o
                0x66f0c388                FLEXCOM8_TWI_ErrorGet
 .text.FLEXCOM8_TWI_TransferSetup
                0x66f0c3c8      0x138 build/sam_a7g5_ek_IMX219/production/_ext/177898253/plib_flexcom8_twi_master.o
                0x66f0c3c8                FLEXCOM8_TWI_TransferSetup
 .text.FLEXCOM8_InterruptHandler
                0x66f0c500      0x5bc build/sam_a7g5_ek_IMX219/production/_ext/177898253/plib_flexcom8_twi_master.o
                0x66f0c500                FLEXCOM8_InterruptHandler
 .text.GIC_EnableDistributor
                0x66f0cabc       0x34 build/sam_a7g5_ek_IMX219/production/_ext/1252374042/plib_gic.o
 .text.GIC_DisableDistributor
                0x66f0caf0       0x34 build/sam_a7g5_ek_IMX219/production/_ext/1252374042/plib_gic.o
 .text.GIC_DistributorInfo
                0x66f0cb24       0x24 build/sam_a7g5_ek_IMX219/production/_ext/1252374042/plib_gic.o
 .text.GIC_SetTarget
                0x66f0cb48       0xa4 build/sam_a7g5_ek_IMX219/production/_ext/1252374042/plib_gic.o
 .text.GIC_EnableInterface
                0x66f0cbec       0x34 build/sam_a7g5_ek_IMX219/production/_ext/1252374042/plib_gic.o
 .text.GIC_DisableInterface
                0x66f0cc20       0x34 build/sam_a7g5_ek_IMX219/production/_ext/1252374042/plib_gic.o
 .text.GIC_EnableIRQ
                0x66f0cc54       0x54 build/sam_a7g5_ek_IMX219/production/_ext/1252374042/plib_gic.o
 .text.GIC_DisableIRQ
                0x66f0cca8       0x54 build/sam_a7g5_ek_IMX219/production/_ext/1252374042/plib_gic.o
 .text.GIC_SetConfiguration
                0x66f0ccfc       0xac build/sam_a7g5_ek_IMX219/production/_ext/1252374042/plib_gic.o
 .text.GIC_SetPriority
                0x66f0cda8       0xa4 build/sam_a7g5_ek_IMX219/production/_ext/1252374042/plib_gic.o
 .text.GIC_GetPriority
                0x66f0ce4c       0x54 build/sam_a7g5_ek_IMX219/production/_ext/1252374042/plib_gic.o
 .text.GIC_SetInterfacePriorityMask
                0x66f0cea0       0x34 build/sam_a7g5_ek_IMX219/production/_ext/1252374042/plib_gic.o
 .text.GIC_SetBinaryPoint
                0x66f0ced4       0x34 build/sam_a7g5_ek_IMX219/production/_ext/1252374042/plib_gic.o
 .text.GIC_SetGroup
                0x66f0cf08       0xac build/sam_a7g5_ek_IMX219/production/_ext/1252374042/plib_gic.o
 .text.GIC_DistInit
                0x66f0cfb4       0xd4 build/sam_a7g5_ek_IMX219/production/_ext/1252374042/plib_gic.o
 .text.GIC_CPUInterfaceInit
                0x66f0d088       0xb8 build/sam_a7g5_ek_IMX219/production/_ext/1252374042/plib_gic.o
 .text.GIC_Enable
                0x66f0d140       0x18 build/sam_a7g5_ek_IMX219/production/_ext/1252374042/plib_gic.o
 .text.GIC_IRQHandler
                0x66f0d158       0x9c build/sam_a7g5_ek_IMX219/production/_ext/1252374042/plib_gic.o
                0x66f0d158                GIC_IRQHandler
 .text.GIC_FIQHandler
                0x66f0d1f4       0x9c build/sam_a7g5_ek_IMX219/production/_ext/1252374042/plib_gic.o
                0x66f0d1f4                GIC_FIQHandler
 .text.GIC_Initialize
                0x66f0d290      0x118 build/sam_a7g5_ek_IMX219/production/_ext/1252374042/plib_gic.o
                0x66f0d290                GIC_Initialize
 .text.GIC_INT_IrqEnable
                0x66f0d3a8       0x20 build/sam_a7g5_ek_IMX219/production/_ext/1252374042/plib_gic.o
                0x66f0d3a8                GIC_INT_IrqEnable
 .text.GIC_INT_IrqDisable
                0x66f0d3c8       0x50 build/sam_a7g5_ek_IMX219/production/_ext/1252374042/plib_gic.o
                0x66f0d3c8                GIC_INT_IrqDisable
 .text.GIC_INT_IrqRestore
                0x66f0d418       0x44 build/sam_a7g5_ek_IMX219/production/_ext/1252374042/plib_gic.o
                0x66f0d418                GIC_INT_IrqRestore
 .text.CSI2DC_Power_Up
                0x66f0d45c       0x64 build/sam_a7g5_ek_IMX219/production/_ext/1252371810/plib_csi2dc.o
                0x66f0d45c                CSI2DC_Power_Up
 .text.CSI2DC_Enable_Video_Pipe
                0x66f0d4c0       0x54 build/sam_a7g5_ek_IMX219/production/_ext/1252371810/plib_csi2dc.o
 .text.CSI2DC_Set_Image_DataType
                0x66f0d514       0x60 build/sam_a7g5_ek_IMX219/production/_ext/1252371810/plib_csi2dc.o
 .text.CSI2DC_Set_Image_Post_Adjustment
                0x66f0d574       0x6c build/sam_a7g5_ek_IMX219/production/_ext/1252371810/plib_csi2dc.o
 .text.CSI2DC_Set_MIPI_FRN_Clock
                0x66f0d5e0       0x6c build/sam_a7g5_ek_IMX219/production/_ext/1252371810/plib_csi2dc.o
 .text.CSI2DC_Set_Pipe_Update
                0x66f0d64c       0x34 build/sam_a7g5_ek_IMX219/production/_ext/1252371810/plib_csi2dc.o
 .text.CSI2DC_Initialize
                0x66f0d680       0x38 build/sam_a7g5_ek_IMX219/production/_ext/1252371810/plib_csi2dc.o
                0x66f0d680                CSI2DC_Initialize
 .text.ISC_Handler
                0x66f0d6b8       0x6c build/sam_a7g5_ek_IMX219/production/_ext/1252371810/plib_isc.o
                0x66f0d6b8                ISC_Handler
 .text.ISC_CallBackRegister
                0x66f0d724       0x44 build/sam_a7g5_ek_IMX219/production/_ext/1252371810/plib_isc.o
                0x66f0d724                ISC_CallBackRegister
 .text.ISC_Software_Reset
                0x66f0d768       0x34 build/sam_a7g5_ek_IMX219/production/_ext/1252371810/plib_isc.o
                0x66f0d768                ISC_Software_Reset
 .text.ISC_IsSIP_Aserted
                0x66f0d79c       0x38 build/sam_a7g5_ek_IMX219/production/_ext/1252371810/plib_isc.o
                0x66f0d79c                ISC_IsSIP_Aserted
 .text.ISC_Start_Capture
                0x66f0d7d4       0x34 build/sam_a7g5_ek_IMX219/production/_ext/1252371810/plib_isc.o
                0x66f0d7d4                ISC_Start_Capture
 .text.ISC_Update_Profile
                0x66f0d808       0x50 build/sam_a7g5_ek_IMX219/production/_ext/1252371810/plib_isc.o
                0x66f0d808                ISC_Update_Profile
 .text.ISC_Enable_Interrupt
                0x66f0d858       0x30 build/sam_a7g5_ek_IMX219/production/_ext/1252371810/plib_isc.o
                0x66f0d858                ISC_Enable_Interrupt
 .text.ISC_Disable_Interrupt
                0x66f0d888       0x30 build/sam_a7g5_ek_IMX219/production/_ext/1252371810/plib_isc.o
                0x66f0d888                ISC_Disable_Interrupt
 .text.ISC_PFE_Set_Video_Mode
                0x66f0d8b8       0x5c build/sam_a7g5_ek_IMX219/production/_ext/1252371810/plib_isc.o
                0x66f0d8b8                ISC_PFE_Set_Video_Mode
 .text.ISC_PFE_Set_BPS
                0x66f0d914       0x5c build/sam_a7g5_ek_IMX219/production/_ext/1252371810/plib_isc.o
                0x66f0d914                ISC_PFE_Set_BPS
 .text.ISC_PFE_Set_Continuous_Mode
                0x66f0d970       0x6c build/sam_a7g5_ek_IMX219/production/_ext/1252371810/plib_isc.o
                0x66f0d970                ISC_PFE_Set_Continuous_Mode
 .text.ISC_PFE_Set_Cropping_Enable
                0x66f0d9dc       0x84 build/sam_a7g5_ek_IMX219/production/_ext/1252371810/plib_isc.o
                0x66f0d9dc                ISC_PFE_Set_Cropping_Enable
 .text.ISC_PFE_Set_MIPI_Mode
                0x66f0da60       0x4c build/sam_a7g5_ek_IMX219/production/_ext/1252371810/plib_isc.o
                0x66f0da60                ISC_PFE_Set_MIPI_Mode
 .text.ISC_PFE_Set_Cropping_Area
                0x66f0daac       0x6c build/sam_a7g5_ek_IMX219/production/_ext/1252371810/plib_isc.o
                0x66f0daac                ISC_PFE_Set_Cropping_Area
 .text.ISC_Gamma_Enable
                0x66f0db18       0xb8 build/sam_a7g5_ek_IMX219/production/_ext/1252371810/plib_isc.o
                0x66f0db18                ISC_Gamma_Enable
 .text.ISC_Gamma_BipartEnable
                0x66f0dbd0       0x4c build/sam_a7g5_ek_IMX219/production/_ext/1252371810/plib_isc.o
                0x66f0dbd0                ISC_Gamma_BipartEnable
 .text.ISC_Gamma_Correction_Apply
                0x66f0dc1c       0xb4 build/sam_a7g5_ek_IMX219/production/_ext/1252371810/plib_isc.o
                0x66f0dc1c                ISC_Gamma_Correction_Apply
 .text.ISC_CC_Configure
                0x66f0dcd0      0x158 build/sam_a7g5_ek_IMX219/production/_ext/1252371810/plib_isc.o
                0x66f0dcd0                ISC_CC_Configure
 .text.ISC_CC_Enable
                0x66f0de28       0x54 build/sam_a7g5_ek_IMX219/production/_ext/1252371810/plib_isc.o
                0x66f0de28                ISC_CC_Enable
 .text.ISC_WB_Enable
                0x66f0de7c       0x54 build/sam_a7g5_ek_IMX219/production/_ext/1252371810/plib_isc.o
                0x66f0de7c                ISC_WB_Enable
 .text.ISC_WB_Set_Bayer_Pattern
                0x66f0ded0       0x34 build/sam_a7g5_ek_IMX219/production/_ext/1252371810/plib_isc.o
                0x66f0ded0                ISC_WB_Set_Bayer_Pattern
 .text.ISC_WB_Adjust_Color_Offset
                0x66f0df04       0x84 build/sam_a7g5_ek_IMX219/production/_ext/1252371810/plib_isc.o
                0x66f0df04                ISC_WB_Adjust_Color_Offset
 .text.ISC_WB_Adjust_Color_Gain
                0x66f0df88       0x84 build/sam_a7g5_ek_IMX219/production/_ext/1252371810/plib_isc.o
                0x66f0df88                ISC_WB_Adjust_Color_Gain
 .text.ISC_CFA_Configure
                0x66f0e00c       0x54 build/sam_a7g5_ek_IMX219/production/_ext/1252371810/plib_isc.o
                0x66f0e00c                ISC_CFA_Configure
 .text.ISC_CFA_Enable
                0x66f0e060       0x54 build/sam_a7g5_ek_IMX219/production/_ext/1252371810/plib_isc.o
                0x66f0e060                ISC_CFA_Enable
 .text.ISC_Histogram_Table_Clear
                0x66f0e0b4       0x34 build/sam_a7g5_ek_IMX219/production/_ext/1252371810/plib_isc.o
                0x66f0e0b4                ISC_Histogram_Table_Clear
 .text.ISC_RLP_Configure
                0x66f0e0e8       0x54 build/sam_a7g5_ek_IMX219/production/_ext/1252371810/plib_isc.o
                0x66f0e0e8                ISC_RLP_Configure
 .text.ISC_DMA_Configure_Register
                0x66f0e13c       0x68 build/sam_a7g5_ek_IMX219/production/_ext/1252371810/plib_isc.o
                0x66f0e13c                ISC_DMA_Configure_Register
 .text.ISC_DMA_Configure_Desc
                0x66f0e1a4       0x30 build/sam_a7g5_ek_IMX219/production/_ext/1252371810/plib_isc.o
                0x66f0e1a4                ISC_DMA_Configure_Desc
 .text.ISC_DMA_Enable
                0x66f0e1d4      0x11c build/sam_a7g5_ek_IMX219/production/_ext/1252371810/plib_isc.o
                0x66f0e1d4                ISC_DMA_Enable
 .text.ISC_Initialize
                0x66f0e2f0       0x80 build/sam_a7g5_ek_IMX219/production/_ext/1252371810/plib_isc.o
                0x66f0e2f0                ISC_Initialize
 .text._delayus
                0x66f0e370       0x6c build/sam_a7g5_ek_IMX219/production/_ext/1252371810/plib_mipi_csi.o
 .text.MIPI_CSI_Reset
                0x66f0e3dc       0x48 build/sam_a7g5_ek_IMX219/production/_ext/1252371810/plib_mipi_csi.o
 .text.MIPI_CSI_Set_Timings
                0x66f0e424       0x98 build/sam_a7g5_ek_IMX219/production/_ext/1252371810/plib_mipi_csi.o
 .text.MIPI_CSI_Start
                0x66f0e4bc       0x54 build/sam_a7g5_ek_IMX219/production/_ext/1252371810/plib_mipi_csi.o
 .text.MIPI_CSI_Init
                0x66f0e510       0x38 build/sam_a7g5_ek_IMX219/production/_ext/1252371810/plib_mipi_csi.o
                0x66f0e510                MIPI_CSI_Init
 .text._delayus
                0x66f0e548       0x6c build/sam_a7g5_ek_IMX219/production/_ext/1252371810/plib_mipi_csi_dphy.o
 .text.MIPI_DPHY_PowerUp
                0x66f0e5b4       0x48 build/sam_a7g5_ek_IMX219/production/_ext/1252371810/plib_mipi_csi_dphy.o
 .text.MIPI_DPHY_Configure_bitrate
                0x66f0e5fc       0x9c build/sam_a7g5_ek_IMX219/production/_ext/1252371810/plib_mipi_csi_dphy.o
 .text.MIPI_DPHY_Analog_Init
                0x66f0e698       0x34 build/sam_a7g5_ek_IMX219/production/_ext/1252371810/plib_mipi_csi_dphy.o
 .text.MIPI_DPHY_PowerDown
                0x66f0e6cc       0x48 build/sam_a7g5_ek_IMX219/production/_ext/1252371810/plib_mipi_csi_dphy.o
 .text.MIPI_DPHY_Configure
                0x66f0e714       0x74 build/sam_a7g5_ek_IMX219/production/_ext/1252371810/plib_mipi_csi_dphy.o
                0x66f0e714                MIPI_DPHY_Configure
 .text.MIPI_DPHY_Init
                0x66f0e788       0x48 build/sam_a7g5_ek_IMX219/production/_ext/1252371810/plib_mipi_csi_dphy.o
                0x66f0e788                MIPI_DPHY_Init
 .text.Matrix_Initialize
                0x66f0e7d0       0x58 build/sam_a7g5_ek_IMX219/production/_ext/1070821244/plib_matrix.o
                0x66f0e7d0                Matrix_Initialize
 .text.MMU_Enable
                0x66f0e828       0x40 build/sam_a7g5_ek_IMX219/production/_ext/1252368134/plib_mmu.o
 .text.mmu_configure
                0x66f0e868       0x48 build/sam_a7g5_ek_IMX219/production/_ext/1252368134/plib_mmu.o
 .text.icache_Enable
                0x66f0e8b0       0x68 build/sam_a7g5_ek_IMX219/production/_ext/1252368134/plib_mmu.o
                0x66f0e8b0                icache_Enable
 .text.dcache_Enable
                0x66f0e918      0x2ac build/sam_a7g5_ek_IMX219/production/_ext/1252368134/plib_mmu.o
                0x66f0e918                dcache_Enable
 .text.MMU_Initialize
                0x66f0ebc4      0x424 build/sam_a7g5_ek_IMX219/production/_ext/1252368134/plib_mmu.o
                0x66f0ebc4                MMU_Initialize
 .text.PIO_Initialize
                0x66f0efe8      0x310 build/sam_a7g5_ek_IMX219/production/_ext/1252365381/plib_pio.o
                0x66f0efe8                PIO_Initialize
 .text.PIO_PortInterruptEnable
                0x66f0f2f8       0x40 build/sam_a7g5_ek_IMX219/production/_ext/1252365381/plib_pio.o
                0x66f0f2f8                PIO_PortInterruptEnable
 .text.PIO_PinInterruptCallbackRegister
                0x66f0f338       0xf8 build/sam_a7g5_ek_IMX219/production/_ext/1252365381/plib_pio.o
                0x66f0f338                PIO_PinInterruptCallbackRegister
 .text.PIOA_InterruptHandler
                0x66f0f430      0x130 build/sam_a7g5_ek_IMX219/production/_ext/1252365381/plib_pio.o
                0x66f0f430                PIOA_InterruptHandler
 .text.TC0_CH0_TimerInitialize
                0x66f0f560       0x68 build/sam_a7g5_ek_IMX219/production/_ext/1287324758/plib_tc0.o
                0x66f0f560                TC0_CH0_TimerInitialize
 .text.TC0_CH0_TimerStart
                0x66f0f5c8       0x28 build/sam_a7g5_ek_IMX219/production/_ext/1287324758/plib_tc0.o
                0x66f0f5c8                TC0_CH0_TimerStart
 .text.TC0_CH0_TimerStop
                0x66f0f5f0       0x28 build/sam_a7g5_ek_IMX219/production/_ext/1287324758/plib_tc0.o
                0x66f0f5f0                TC0_CH0_TimerStop
 .text.TC0_CH0_TimerFrequencyGet
                0x66f0f618       0x20 build/sam_a7g5_ek_IMX219/production/_ext/1287324758/plib_tc0.o
                0x66f0f618                TC0_CH0_TimerFrequencyGet
 .text.TC0_CH0_TimerPeriodSet
                0x66f0f638       0x30 build/sam_a7g5_ek_IMX219/production/_ext/1287324758/plib_tc0.o
                0x66f0f638                TC0_CH0_TimerPeriodSet
 .text.TC0_CH0_TimerCompareSet
                0x66f0f668       0x30 build/sam_a7g5_ek_IMX219/production/_ext/1287324758/plib_tc0.o
                0x66f0f668                TC0_CH0_TimerCompareSet
 .text.TC0_CH0_TimerCounterGet
                0x66f0f698       0x24 build/sam_a7g5_ek_IMX219/production/_ext/1287324758/plib_tc0.o
                0x66f0f698                TC0_CH0_TimerCounterGet
 .text.TC0_CH0_TimerCallbackRegister
                0x66f0f6bc       0x44 build/sam_a7g5_ek_IMX219/production/_ext/1287324758/plib_tc0.o
                0x66f0f6bc                TC0_CH0_TimerCallbackRegister
 .text.TC0_CH0_InterruptHandler
                0x66f0f700       0x70 build/sam_a7g5_ek_IMX219/production/_ext/1287324758/plib_tc0.o
                0x66f0f700                TC0_CH0_InterruptHandler
 .text.ff_uni2oem
                0x66f0f770       0xd0 build/sam_a7g5_ek_IMX219/production/_ext/819346896/ffunicode.o
                0x66f0f770                ff_uni2oem
 .text.ff_oem2uni
                0x66f0f840       0x9c build/sam_a7g5_ek_IMX219/production/_ext/819346896/ffunicode.o
                0x66f0f840                ff_oem2uni
 .text.ff_wtoupper
                0x66f0f8dc      0x1f8 build/sam_a7g5_ek_IMX219/production/_ext/819346896/ffunicode.o
                0x66f0f8dc                ff_wtoupper
 .text.ld_word  0x66f0fad4       0x58 build/sam_a7g5_ek_IMX219/production/_ext/819346896/ff.o
 .text.ld_dword
                0x66f0fb2c       0x84 build/sam_a7g5_ek_IMX219/production/_ext/819346896/ff.o
 .text.st_word  0x66f0fbb0       0x64 build/sam_a7g5_ek_IMX219/production/_ext/819346896/ff.o
 .text.st_dword
                0x66f0fc14       0xa8 build/sam_a7g5_ek_IMX219/production/_ext/819346896/ff.o
 .text.dbc_1st  0x66f0fcbc       0x3c build/sam_a7g5_ek_IMX219/production/_ext/819346896/ff.o
 .text.dbc_2nd  0x66f0fcf8       0x3c build/sam_a7g5_ek_IMX219/production/_ext/819346896/ff.o
 .text.tchar2uni
                0x66f0fd34       0xf8 build/sam_a7g5_ek_IMX219/production/_ext/819346896/ff.o
 .text.put_utf  0x66f0fe2c       0xd4 build/sam_a7g5_ek_IMX219/production/_ext/819346896/ff.o
 .text.chk_lock
                0x66f0ff00      0x154 build/sam_a7g5_ek_IMX219/production/_ext/819346896/ff.o
 .text.enq_lock
                0x66f10054       0x6c build/sam_a7g5_ek_IMX219/production/_ext/819346896/ff.o
 .text.inc_lock
                0x66f100c0      0x228 build/sam_a7g5_ek_IMX219/production/_ext/819346896/ff.o
 .text.dec_lock
                0x66f102e8       0xdc build/sam_a7g5_ek_IMX219/production/_ext/819346896/ff.o
 .text.clear_lock
                0x66f103c4       0x74 build/sam_a7g5_ek_IMX219/production/_ext/819346896/ff.o
 .text.sync_window
                0x66f10438       0xdc build/sam_a7g5_ek_IMX219/production/_ext/819346896/ff.o
 .text.move_window
                0x66f10514       0xa0 build/sam_a7g5_ek_IMX219/production/_ext/819346896/ff.o
 .text.sync_fs  0x66f105b4      0x170 build/sam_a7g5_ek_IMX219/production/_ext/819346896/ff.o
 .text.clst2sect
                0x66f10724       0x70 build/sam_a7g5_ek_IMX219/production/_ext/819346896/ff.o
 .text.get_fat  0x66f10794      0x24c build/sam_a7g5_ek_IMX219/production/_ext/819346896/ff.o
 .text.put_fat  0x66f109e0      0x330 build/sam_a7g5_ek_IMX219/production/_ext/819346896/ff.o
 .text.remove_chain
                0x66f10d10      0x178 build/sam_a7g5_ek_IMX219/production/_ext/819346896/ff.o
 .text.create_chain
                0x66f10e88      0x314 build/sam_a7g5_ek_IMX219/production/_ext/819346896/ff.o
 .text.dir_clear
                0x66f1119c      0x104 build/sam_a7g5_ek_IMX219/production/_ext/819346896/ff.o
 .text.dir_sdi  0x66f112a0      0x1cc build/sam_a7g5_ek_IMX219/production/_ext/819346896/ff.o
 .text.dir_next
                0x66f1146c      0x22c build/sam_a7g5_ek_IMX219/production/_ext/819346896/ff.o
 .text.dir_alloc
                0x66f11698      0x10c build/sam_a7g5_ek_IMX219/production/_ext/819346896/ff.o
 .text.ld_clust
                0x66f117a4       0x70 build/sam_a7g5_ek_IMX219/production/_ext/819346896/ff.o
 .text.st_clust
                0x66f11814       0x70 build/sam_a7g5_ek_IMX219/production/_ext/819346896/ff.o
 .text.cmp_lfn  0x66f11884      0x188 build/sam_a7g5_ek_IMX219/production/_ext/819346896/ff.o
 .text.pick_lfn
                0x66f11a0c      0x170 build/sam_a7g5_ek_IMX219/production/_ext/819346896/ff.o
 .text.put_lfn  0x66f11b7c      0x170 build/sam_a7g5_ek_IMX219/production/_ext/819346896/ff.o
 .text.gen_numname
                0x66f11cec      0x250 build/sam_a7g5_ek_IMX219/production/_ext/819346896/ff.o
 .text.sum_sfn  0x66f11f3c       0x7c build/sam_a7g5_ek_IMX219/production/_ext/819346896/ff.o
 .text.dir_read
                0x66f11fb8      0x26c build/sam_a7g5_ek_IMX219/production/_ext/819346896/ff.o
 .text.dir_find
                0x66f12224      0x2b0 build/sam_a7g5_ek_IMX219/production/_ext/819346896/ff.o
 .text.dir_register
                0x66f124d4      0x334 build/sam_a7g5_ek_IMX219/production/_ext/819346896/ff.o
 .text.dir_remove
                0x66f12808      0x114 build/sam_a7g5_ek_IMX219/production/_ext/819346896/ff.o
 .text.get_fileinfo
                0x66f1291c      0x438 build/sam_a7g5_ek_IMX219/production/_ext/819346896/ff.o
 .text.create_name
                0x66f12d54      0x744 build/sam_a7g5_ek_IMX219/production/_ext/819346896/ff.o
 .text.follow_path
                0x66f13498      0x1fc build/sam_a7g5_ek_IMX219/production/_ext/819346896/ff.o
 .text.get_ldnumber
                0x66f13694      0x110 build/sam_a7g5_ek_IMX219/production/_ext/819346896/ff.o
 .text.check_fs
                0x66f137a4      0x240 build/sam_a7g5_ek_IMX219/production/_ext/819346896/ff.o
 .text.find_volume
                0x66f139e4      0x170 build/sam_a7g5_ek_IMX219/production/_ext/819346896/ff.o
 .text.mount_volume
                0x66f13b54      0x770 build/sam_a7g5_ek_IMX219/production/_ext/819346896/ff.o
 .text.validate
                0x66f142c4       0xc8 build/sam_a7g5_ek_IMX219/production/_ext/819346896/ff.o
 .text.f_mount  0x66f1438c       0xe8 build/sam_a7g5_ek_IMX219/production/_ext/819346896/ff.o
                0x66f1438c                f_mount
 .text.f_open   0x66f14474      0x5c8 build/sam_a7g5_ek_IMX219/production/_ext/819346896/ff.o
                0x66f14474                f_open
 .text.f_read   0x66f14a3c      0x458 build/sam_a7g5_ek_IMX219/production/_ext/819346896/ff.o
                0x66f14a3c                f_read
 .text.f_write  0x66f14e94      0x51c build/sam_a7g5_ek_IMX219/production/_ext/819346896/ff.o
                0x66f14e94                f_write
 .text.f_sync   0x66f153b0      0x1b4 build/sam_a7g5_ek_IMX219/production/_ext/819346896/ff.o
                0x66f153b0                f_sync
 .text.f_close  0x66f15564       0x94 build/sam_a7g5_ek_IMX219/production/_ext/819346896/ff.o
                0x66f15564                f_close
 .text.f_chdrive
                0x66f155f8       0x58 build/sam_a7g5_ek_IMX219/production/_ext/819346896/ff.o
                0x66f155f8                f_chdrive
 .text.f_chdir  0x66f15650       0xe8 build/sam_a7g5_ek_IMX219/production/_ext/819346896/ff.o
                0x66f15650                f_chdir
 .text.f_getcwd
                0x66f15738      0x338 build/sam_a7g5_ek_IMX219/production/_ext/819346896/ff.o
                0x66f15738                f_getcwd
 .text.f_lseek  0x66f15a70      0x470 build/sam_a7g5_ek_IMX219/production/_ext/819346896/ff.o
                0x66f15a70                f_lseek
 .text.f_opendir
                0x66f15ee0      0x1a0 build/sam_a7g5_ek_IMX219/production/_ext/819346896/ff.o
                0x66f15ee0                f_opendir
 .text.f_closedir
                0x66f16080       0x88 build/sam_a7g5_ek_IMX219/production/_ext/819346896/ff.o
                0x66f16080                f_closedir
 .text.f_readdir
                0x66f16108       0xd8 build/sam_a7g5_ek_IMX219/production/_ext/819346896/ff.o
                0x66f16108                f_readdir
 .text.f_stat   0x66f161e0       0xac build/sam_a7g5_ek_IMX219/production/_ext/819346896/ff.o
                0x66f161e0                f_stat
 .text.f_getfree
                0x66f1628c      0x284 build/sam_a7g5_ek_IMX219/production/_ext/819346896/ff.o
                0x66f1628c                f_getfree
 .text.f_truncate
                0x66f16510      0x220 build/sam_a7g5_ek_IMX219/production/_ext/819346896/ff.o
                0x66f16510                f_truncate
 .text.f_unlink
                0x66f16730      0x238 build/sam_a7g5_ek_IMX219/production/_ext/819346896/ff.o
                0x66f16730                f_unlink
 .text.f_mkdir  0x66f16968      0x2a0 build/sam_a7g5_ek_IMX219/production/_ext/819346896/ff.o
                0x66f16968                f_mkdir
 .text.f_rename
                0x66f16c08      0x338 build/sam_a7g5_ek_IMX219/production/_ext/819346896/ff.o
                0x66f16c08                f_rename
 .text.f_chmod  0x66f16f40      0x128 build/sam_a7g5_ek_IMX219/production/_ext/819346896/ff.o
                0x66f16f40                f_chmod
 .text.f_utime  0x66f17068       0xf4 build/sam_a7g5_ek_IMX219/production/_ext/819346896/ff.o
                0x66f17068                f_utime
 .text.f_getlabel
                0x66f1715c      0x21c build/sam_a7g5_ek_IMX219/production/_ext/819346896/ff.o
                0x66f1715c                f_getlabel
 .text.f_setlabel
                0x66f17378      0x300 build/sam_a7g5_ek_IMX219/production/_ext/819346896/ff.o
                0x66f17378                f_setlabel
 .text.create_partition
                0x66f17678      0x454 build/sam_a7g5_ek_IMX219/production/_ext/819346896/ff.o
 .text.f_mkfs   0x66f17acc     0x1024 build/sam_a7g5_ek_IMX219/production/_ext/819346896/ff.o
                0x66f17acc                f_mkfs
 .text.f_fdisk  0x66f18af0       0xa0 build/sam_a7g5_ek_IMX219/production/_ext/819346896/ff.o
                0x66f18af0                f_fdisk
 .text.f_gets   0x66f18b90       0xe0 build/sam_a7g5_ek_IMX219/production/_ext/819346896/ff.o
                0x66f18b90                f_gets
 .text.putc_bfd
                0x66f18c70       0xcc build/sam_a7g5_ek_IMX219/production/_ext/819346896/ff.o
 .text.putc_flush
                0x66f18d3c       0x80 build/sam_a7g5_ek_IMX219/production/_ext/819346896/ff.o
 .text.putc_init
                0x66f18dbc       0x3c build/sam_a7g5_ek_IMX219/production/_ext/819346896/ff.o
 .text.f_putc   0x66f18df8       0x58 build/sam_a7g5_ek_IMX219/production/_ext/819346896/ff.o
                0x66f18df8                f_putc
 .text.f_puts   0x66f18e50       0x74 build/sam_a7g5_ek_IMX219/production/_ext/819346896/ff.o
                0x66f18e50                f_puts
 .text.f_printf
                0x66f18ec4      0x6dc build/sam_a7g5_ek_IMX219/production/_ext/819346896/ff.o
                0x66f18ec4                f_printf
 .text.diskEventHandler
                0x66f195a0       0x94 build/sam_a7g5_ek_IMX219/production/_ext/521048089/diskio.o
                0x66f195a0                diskEventHandler
 .text.disk_checkCommandStatus
                0x66f19634       0xc4 build/sam_a7g5_ek_IMX219/production/_ext/521048089/diskio.o
 .text.disk_status
                0x66f196f8       0x28 build/sam_a7g5_ek_IMX219/production/_ext/521048089/diskio.o
                0x66f196f8                disk_status
 .text.disk_initialize
                0x66f19720       0x34 build/sam_a7g5_ek_IMX219/production/_ext/521048089/diskio.o
                0x66f19720                disk_initialize
 .text.disk_read_aligned
                0x66f19754       0xd0 build/sam_a7g5_ek_IMX219/production/_ext/521048089/diskio.o
 .text.disk_read
                0x66f19824      0x210 build/sam_a7g5_ek_IMX219/production/_ext/521048089/diskio.o
                0x66f19824                disk_read
 .text.disk_write
                0x66f19a34      0x264 build/sam_a7g5_ek_IMX219/production/_ext/521048089/diskio.o
                0x66f19a34                disk_write
 .text.disk_ioctl
                0x66f19c98       0xe0 build/sam_a7g5_ek_IMX219/production/_ext/521048089/diskio.o
                0x66f19c98                disk_ioctl
 .text.get_fattime
                0x66f19d78       0x84 build/sam_a7g5_ek_IMX219/production/_ext/521048089/diskio.o
                0x66f19d78                get_fattime
 .text._SYS_FS_MEDIA_MANAGER_UpdateVolToPart
                0x66f19dfc       0x64 build/sam_a7g5_ek_IMX219/production/_ext/1727469238/sys_fs_media_manager.o
 .text._SYS_FS_MEDIA_MANAGER_HandleMediaDetach
                0x66f19e60      0x220 build/sam_a7g5_ek_IMX219/production/_ext/1727469238/sys_fs_media_manager.o
 .text._SYS_FS_MountVolume
                0x66f1a080      0x1e4 build/sam_a7g5_ek_IMX219/production/_ext/1727469238/sys_fs_media_manager.o
 .text._SYS_FS_MEDIA_MANAGER_PopulateVolume
                0x66f1a264      0x40c build/sam_a7g5_ek_IMX219/production/_ext/1727469238/sys_fs_media_manager.o
 .text._SYS_FS_MEDIA_MANAGER_FindNextMedia
                0x66f1a670      0x1a4 build/sam_a7g5_ek_IMX219/production/_ext/1727469238/sys_fs_media_manager.o
 .text.SYS_FS_MEDIA_MANAGER_IsFSFat
                0x66f1a814       0x80 build/sam_a7g5_ek_IMX219/production/_ext/1727469238/sys_fs_media_manager.o
 .text._SYS_FS_MEDIA_MANAGER_AnalyzeFileSystem
                0x66f1a894      0x314 build/sam_a7g5_ek_IMX219/production/_ext/1727469238/sys_fs_media_manager.o
 .text.SYS_FS_MEDIA_MANAGER_Register
                0x66f1aba8      0x1b4 build/sam_a7g5_ek_IMX219/production/_ext/1727469238/sys_fs_media_manager.o
                0x66f1aba8                SYS_FS_MEDIA_MANAGER_Register
 .text.SYS_FS_MEDIA_MANAGER_DeRegister
                0x66f1ad5c       0x44 build/sam_a7g5_ek_IMX219/production/_ext/1727469238/sys_fs_media_manager.o
                0x66f1ad5c                SYS_FS_MEDIA_MANAGER_DeRegister
 .text.SYS_FS_MEDIA_MANAGER_SectorRead
                0x66f1ada0      0x128 build/sam_a7g5_ek_IMX219/production/_ext/1727469238/sys_fs_media_manager.o
                0x66f1ada0                SYS_FS_MEDIA_MANAGER_SectorRead
 .text.SYS_FS_MEDIA_MANAGER_SectorWrite
                0x66f1aec8      0x46c build/sam_a7g5_ek_IMX219/production/_ext/1727469238/sys_fs_media_manager.o
                0x66f1aec8                SYS_FS_MEDIA_MANAGER_SectorWrite
 .text.SYS_FS_MEDIA_MANAGER_MediaStatusGet
                0x66f1b334      0x144 build/sam_a7g5_ek_IMX219/production/_ext/1727469238/sys_fs_media_manager.o
                0x66f1b334                SYS_FS_MEDIA_MANAGER_MediaStatusGet
 .text.SYS_FS_MEDIA_MANAGER_VolumePropertyGet
                0x66f1b478       0xfc build/sam_a7g5_ek_IMX219/production/_ext/1727469238/sys_fs_media_manager.o
                0x66f1b478                SYS_FS_MEDIA_MANAGER_VolumePropertyGet
 .text.SYS_FS_MEDIA_MANAGER_EventHandlerSet
                0x66f1b574       0xa0 build/sam_a7g5_ek_IMX219/production/_ext/1727469238/sys_fs_media_manager.o
                0x66f1b574                SYS_FS_MEDIA_MANAGER_EventHandlerSet
 .text.SYS_FS_MEDIA_MANAGER_RegisterTransferHandler
                0x66f1b614       0x30 build/sam_a7g5_ek_IMX219/production/_ext/1727469238/sys_fs_media_manager.o
                0x66f1b614                SYS_FS_MEDIA_MANAGER_RegisterTransferHandler
 .text.SYS_FS_MEDIA_MANAGER_EventHandler
                0x66f1b644       0xb0 build/sam_a7g5_ek_IMX219/production/_ext/1727469238/sys_fs_media_manager.o
                0x66f1b644                SYS_FS_MEDIA_MANAGER_EventHandler
 .text.SYS_FS_MEDIA_MANAGER_GetMediaGeometry
                0x66f1b6f4       0x80 build/sam_a7g5_ek_IMX219/production/_ext/1727469238/sys_fs_media_manager.o
                0x66f1b6f4                SYS_FS_MEDIA_MANAGER_GetMediaGeometry
 .text.SYS_FS_MEDIA_MANAGER_TransferTask
                0x66f1b774       0xa0 build/sam_a7g5_ek_IMX219/production/_ext/1727469238/sys_fs_media_manager.o
                0x66f1b774                SYS_FS_MEDIA_MANAGER_TransferTask
 .text.SYS_FS_MEDIA_MANAGER_Tasks
                0x66f1b814      0x4b0 build/sam_a7g5_ek_IMX219/production/_ext/1727469238/sys_fs_media_manager.o
                0x66f1b814                SYS_FS_MEDIA_MANAGER_Tasks
 .text.FATFS_mount
                0x66f1bcc4      0x1e4 build/sam_a7g5_ek_IMX219/production/_ext/1727469238/sys_fs_fat_interface.o
                0x66f1bcc4                FATFS_mount
 .text.FATFS_unmount
                0x66f1bea8      0x2a0 build/sam_a7g5_ek_IMX219/production/_ext/1727469238/sys_fs_fat_interface.o
                0x66f1bea8                FATFS_unmount
 .text.FATFS_open
                0x66f1c148      0x1b0 build/sam_a7g5_ek_IMX219/production/_ext/1727469238/sys_fs_fat_interface.o
                0x66f1c148                FATFS_open
 .text.FATFS_read
                0x66f1c2f8       0x64 build/sam_a7g5_ek_IMX219/production/_ext/1727469238/sys_fs_fat_interface.o
                0x66f1c2f8                FATFS_read
 .text.FATFS_close
                0x66f1c35c       0x74 build/sam_a7g5_ek_IMX219/production/_ext/1727469238/sys_fs_fat_interface.o
                0x66f1c35c                FATFS_close
 .text.FATFS_lseek
                0x66f1c3d0       0x4c build/sam_a7g5_ek_IMX219/production/_ext/1727469238/sys_fs_fat_interface.o
                0x66f1c3d0                FATFS_lseek
 .text.FATFS_stat
                0x66f1c41c       0x80 build/sam_a7g5_ek_IMX219/production/_ext/1727469238/sys_fs_fat_interface.o
                0x66f1c41c                FATFS_stat
 .text.FATFS_getlabel
                0x66f1c49c       0x40 build/sam_a7g5_ek_IMX219/production/_ext/1727469238/sys_fs_fat_interface.o
                0x66f1c49c                FATFS_getlabel
 .text.FATFS_getcwd
                0x66f1c4dc       0x38 build/sam_a7g5_ek_IMX219/production/_ext/1727469238/sys_fs_fat_interface.o
                0x66f1c4dc                FATFS_getcwd
 .text.FATFS_gets
                0x66f1c514       0x4c build/sam_a7g5_ek_IMX219/production/_ext/1727469238/sys_fs_fat_interface.o
                0x66f1c514                FATFS_gets
 .text.FATFS_opendir
                0x66f1c560      0x134 build/sam_a7g5_ek_IMX219/production/_ext/1727469238/sys_fs_fat_interface.o
                0x66f1c560                FATFS_opendir
 .text.FATFS_readdir
                0x66f1c694       0x94 build/sam_a7g5_ek_IMX219/production/_ext/1727469238/sys_fs_fat_interface.o
                0x66f1c694                FATFS_readdir
 .text.FATFS_closedir
                0x66f1c728       0x74 build/sam_a7g5_ek_IMX219/production/_ext/1727469238/sys_fs_fat_interface.o
                0x66f1c728                FATFS_closedir
 .text.FATFS_chdir
                0x66f1c79c       0x30 build/sam_a7g5_ek_IMX219/production/_ext/1727469238/sys_fs_fat_interface.o
                0x66f1c79c                FATFS_chdir
 .text.FATFS_chdrive
                0x66f1c7cc       0x58 build/sam_a7g5_ek_IMX219/production/_ext/1727469238/sys_fs_fat_interface.o
                0x66f1c7cc                FATFS_chdrive
 .text.FATFS_write
                0x66f1c824       0x64 build/sam_a7g5_ek_IMX219/production/_ext/1727469238/sys_fs_fat_interface.o
                0x66f1c824                FATFS_write
 .text.FATFS_tell
                0x66f1c888       0x3c build/sam_a7g5_ek_IMX219/production/_ext/1727469238/sys_fs_fat_interface.o
                0x66f1c888                FATFS_tell
 .text.FATFS_eof
                0x66f1c8c4       0x54 build/sam_a7g5_ek_IMX219/production/_ext/1727469238/sys_fs_fat_interface.o
                0x66f1c8c4                FATFS_eof
 .text.FATFS_size
                0x66f1c918       0x3c build/sam_a7g5_ek_IMX219/production/_ext/1727469238/sys_fs_fat_interface.o
                0x66f1c918                FATFS_size
 .text.FATFS_mkdir
                0x66f1c954       0x30 build/sam_a7g5_ek_IMX219/production/_ext/1727469238/sys_fs_fat_interface.o
                0x66f1c954                FATFS_mkdir
 .text.FATFS_unlink
                0x66f1c984       0x30 build/sam_a7g5_ek_IMX219/production/_ext/1727469238/sys_fs_fat_interface.o
                0x66f1c984                FATFS_unlink
 .text.FATFS_setlabel
                0x66f1c9b4       0x30 build/sam_a7g5_ek_IMX219/production/_ext/1727469238/sys_fs_fat_interface.o
                0x66f1c9b4                FATFS_setlabel
 .text.FATFS_truncate
                0x66f1c9e4       0x44 build/sam_a7g5_ek_IMX219/production/_ext/1727469238/sys_fs_fat_interface.o
                0x66f1c9e4                FATFS_truncate
 .text.FATFS_chmod
                0x66f1ca28       0x4c build/sam_a7g5_ek_IMX219/production/_ext/1727469238/sys_fs_fat_interface.o
                0x66f1ca28                FATFS_chmod
 .text.FATFS_utime
                0x66f1ca74       0x40 build/sam_a7g5_ek_IMX219/production/_ext/1727469238/sys_fs_fat_interface.o
                0x66f1ca74                FATFS_utime
 .text.FATFS_rename
                0x66f1cab4       0x38 build/sam_a7g5_ek_IMX219/production/_ext/1727469238/sys_fs_fat_interface.o
                0x66f1cab4                FATFS_rename
 .text.FATFS_sync
                0x66f1caec       0x4c build/sam_a7g5_ek_IMX219/production/_ext/1727469238/sys_fs_fat_interface.o
                0x66f1caec                FATFS_sync
 .text.FATFS_putc
                0x66f1cb38       0x4c build/sam_a7g5_ek_IMX219/production/_ext/1727469238/sys_fs_fat_interface.o
                0x66f1cb38                FATFS_putc
 .text.FATFS_puts
                0x66f1cb84       0x44 build/sam_a7g5_ek_IMX219/production/_ext/1727469238/sys_fs_fat_interface.o
                0x66f1cb84                FATFS_puts
 .text.FATFS_printf
                0x66f1cbc8       0x4c build/sam_a7g5_ek_IMX219/production/_ext/1727469238/sys_fs_fat_interface.o
                0x66f1cbc8                FATFS_printf
 .text.FATFS_error
                0x66f1cc14       0x4c build/sam_a7g5_ek_IMX219/production/_ext/1727469238/sys_fs_fat_interface.o
                0x66f1cc14                FATFS_error
 .text.FATFS_mkfs
                0x66f1cc60       0x80 build/sam_a7g5_ek_IMX219/production/_ext/1727469238/sys_fs_fat_interface.o
                0x66f1cc60                FATFS_mkfs
 .text.FATFS_fdisk
                0x66f1cce0       0x48 build/sam_a7g5_ek_IMX219/production/_ext/1727469238/sys_fs_fat_interface.o
                0x66f1cce0                FATFS_fdisk
 .text.FATFS_getclusters
                0x66f1cd28       0xc4 build/sam_a7g5_ek_IMX219/production/_ext/1727469238/sys_fs_fat_interface.o
                0x66f1cd28                FATFS_getclusters
 .text.SYS_FS_GetDisk
                0x66f1cdec      0x29c build/sam_a7g5_ek_IMX219/production/_ext/1727469238/sys_fs.o
 .text.SYS_FS_Initialize
                0x66f1d088      0x280 build/sam_a7g5_ek_IMX219/production/_ext/1727469238/sys_fs.o
                0x66f1d088                SYS_FS_Initialize
 .text.SYS_FS_Tasks
                0x66f1d308       0x14 build/sam_a7g5_ek_IMX219/production/_ext/1727469238/sys_fs.o
                0x66f1d308                SYS_FS_Tasks
 .text.SYS_FS_EventHandlerSet
                0x66f1d31c       0x2c build/sam_a7g5_ek_IMX219/production/_ext/1727469238/sys_fs.o
                0x66f1d31c                SYS_FS_EventHandlerSet
 .text.SYS_FS_Mount
                0x66f1d348      0x55c build/sam_a7g5_ek_IMX219/production/_ext/1727469238/sys_fs.o
                0x66f1d348                SYS_FS_Mount
 .text.SYS_FS_Unmount
                0x66f1d8a4      0x334 build/sam_a7g5_ek_IMX219/production/_ext/1727469238/sys_fs.o
                0x66f1d8a4                SYS_FS_Unmount
 .text.SYS_FS_FileOpen
                0x66f1dbd8      0x3a0 build/sam_a7g5_ek_IMX219/production/_ext/1727469238/sys_fs.o
                0x66f1dbd8                SYS_FS_FileOpen
 .text.SYS_FS_FileClose
                0x66f1df78      0x198 build/sam_a7g5_ek_IMX219/production/_ext/1727469238/sys_fs.o
                0x66f1df78                SYS_FS_FileClose
 .text.SYS_FS_Error
                0x66f1e110       0x24 build/sam_a7g5_ek_IMX219/production/_ext/1727469238/sys_fs.o
                0x66f1e110                SYS_FS_Error
 .text.SYS_FS_FileWrite
                0x66f1e134      0x1a0 build/sam_a7g5_ek_IMX219/production/_ext/1727469238/sys_fs.o
                0x66f1e134                SYS_FS_FileWrite
 .text.GIC_EnableIRQ
                0x66f1e2d4       0x54 build/sam_a7g5_ek_IMX219/production/_ext/569125148/sys_int.o
 .text.GIC_GetEnableIRQ
                0x66f1e328       0x50 build/sam_a7g5_ek_IMX219/production/_ext/569125148/sys_int.o
 .text.GIC_DisableIRQ
                0x66f1e378       0x54 build/sam_a7g5_ek_IMX219/production/_ext/569125148/sys_int.o
 .text.SYS_INT_Enable
                0x66f1e3cc       0x14 build/sam_a7g5_ek_IMX219/production/_ext/569125148/sys_int.o
                0x66f1e3cc                SYS_INT_Enable
 .text.SYS_INT_Disable
                0x66f1e3e0       0x18 build/sam_a7g5_ek_IMX219/production/_ext/569125148/sys_int.o
                0x66f1e3e0                SYS_INT_Disable
 .text.SYS_INT_Restore
                0x66f1e3f8       0x2c build/sam_a7g5_ek_IMX219/production/_ext/569125148/sys_int.o
                0x66f1e3f8                SYS_INT_Restore
 .text.SYS_INT_SourceDisable
                0x66f1e424       0x68 build/sam_a7g5_ek_IMX219/production/_ext/569125148/sys_int.o
                0x66f1e424                SYS_INT_SourceDisable
 .text.SYS_INT_SourceRestore
                0x66f1e48c       0x48 build/sam_a7g5_ek_IMX219/production/_ext/569125148/sys_int.o
                0x66f1e48c                SYS_INT_SourceRestore
 .text.GIC_EnableIRQ
                0x66f1e4d4       0x54 build/sam_a7g5_ek_IMX219/production/_ext/2136021686/sys_time.o
 .text.SYS_TIME_UPDATE_TOKEN
                0x66f1e528       0x4c build/sam_a7g5_ek_IMX219/production/_ext/2136021686/sys_time.o
 .text.SYS_TIME_MAKE_HANDLE
                0x66f1e574       0x40 build/sam_a7g5_ek_IMX219/production/_ext/2136021686/sys_time.o
 .text.SYS_TIME_ResourceLock
                0x66f1e5b4       0x98 build/sam_a7g5_ek_IMX219/production/_ext/2136021686/sys_time.o
 .text.SYS_TIME_ResourceUnlock
                0x66f1e64c       0x58 build/sam_a7g5_ek_IMX219/production/_ext/2136021686/sys_time.o
 .text.SYS_TIME_GetTimerObject
                0x66f1e6a4       0x9c build/sam_a7g5_ek_IMX219/production/_ext/2136021686/sys_time.o
 .text.SYS_TIME_HwTimerCompareUpdate
                0x66f1e740      0x1b8 build/sam_a7g5_ek_IMX219/production/_ext/2136021686/sys_time.o
 .text.SYS_TIME_RemoveFromList
                0x66f1e8f8      0x124 build/sam_a7g5_ek_IMX219/production/_ext/2136021686/sys_time.o
 .text.SYS_TIME_AddToList
                0x66f1ea1c      0x1c4 build/sam_a7g5_ek_IMX219/production/_ext/2136021686/sys_time.o
 .text.SYS_TIME_GetElapsedCount
                0x66f1ebe0       0x78 build/sam_a7g5_ek_IMX219/production/_ext/2136021686/sys_time.o
 .text.SYS_TIME_UpdateTimerList
                0x66f1ec58       0xd0 build/sam_a7g5_ek_IMX219/production/_ext/2136021686/sys_time.o
 .text.SYS_TIME_TimerAdd
                0x66f1ed28       0xe8 build/sam_a7g5_ek_IMX219/production/_ext/2136021686/sys_time.o
 .text.SYS_TIME_ClientNotify
                0x66f1ee10       0xfc build/sam_a7g5_ek_IMX219/production/_ext/2136021686/sys_time.o
 .text.SYS_TIME_UpdateTime
                0x66f1ef0c       0xf8 build/sam_a7g5_ek_IMX219/production/_ext/2136021686/sys_time.o
 .text.SYS_TIME_PLIBCallback
                0x66f1f004       0xf8 build/sam_a7g5_ek_IMX219/production/_ext/2136021686/sys_time.o
 .text.SYS_TIME_TimerObjectCreate
                0x66f1f0fc      0x1bc build/sam_a7g5_ek_IMX219/production/_ext/2136021686/sys_time.o
 .text.SYS_TIME_CounterInit
                0x66f1f2b8      0x190 build/sam_a7g5_ek_IMX219/production/_ext/2136021686/sys_time.o
 .text.SYS_TIME_Initialize
                0x66f1f448       0xa4 build/sam_a7g5_ek_IMX219/production/_ext/2136021686/sys_time.o
                0x66f1f448                SYS_TIME_Initialize
 .text.SYS_TIME_USToCount
                0x66f1f4ec       0x70 build/sam_a7g5_ek_IMX219/production/_ext/2136021686/sys_time.o
                0x66f1f4ec                SYS_TIME_USToCount
 .text.SYS_TIME_MSToCount
                0x66f1f55c       0x6c build/sam_a7g5_ek_IMX219/production/_ext/2136021686/sys_time.o
                0x66f1f55c                SYS_TIME_MSToCount
 .text.SYS_TIME_TimerDestroy
                0x66f1f5c8       0xbc build/sam_a7g5_ek_IMX219/production/_ext/2136021686/sys_time.o
                0x66f1f5c8                SYS_TIME_TimerDestroy
 .text.SYS_TIME_TimerStart
                0x66f1f684       0xf8 build/sam_a7g5_ek_IMX219/production/_ext/2136021686/sys_time.o
                0x66f1f684                SYS_TIME_TimerStart
 .text.SYS_TIME_TimerPeriodHasExpired
                0x66f1f77c       0x84 build/sam_a7g5_ek_IMX219/production/_ext/2136021686/sys_time.o
                0x66f1f77c                SYS_TIME_TimerPeriodHasExpired
 .text.SYS_TIME_DelayUS
                0x66f1f800       0xa4 build/sam_a7g5_ek_IMX219/production/_ext/2136021686/sys_time.o
                0x66f1f800                SYS_TIME_DelayUS
 .text.SYS_TIME_DelayMS
                0x66f1f8a4       0xa4 build/sam_a7g5_ek_IMX219/production/_ext/2136021686/sys_time.o
                0x66f1f8a4                SYS_TIME_DelayMS
 .text.SYS_TIME_DelayIsComplete
                0x66f1f948       0x4c build/sam_a7g5_ek_IMX219/production/_ext/2136021686/sys_time.o
                0x66f1f948                SYS_TIME_DelayIsComplete
 .text.SYS_TIME_CallbackRegisterMS
                0x66f1f994       0x9c build/sam_a7g5_ek_IMX219/production/_ext/2136021686/sys_time.o
                0x66f1f994                SYS_TIME_CallbackRegisterMS
 .text._USB_HOST_MSD_TransferTasks
                0x66f1fa30      0x4a4 build/sam_a7g5_ek_IMX219/production/_ext/700024671/usb_host_msd.o
                0x66f1fa30                _USB_HOST_MSD_TransferTasks
 .text._USB_HOST_MSD_HostResultToMSDResultMap
                0x66f1fed4       0xb0 build/sam_a7g5_ek_IMX219/production/_ext/700024671/usb_host_msd.o
                0x66f1fed4                _USB_HOST_MSD_HostResultToMSDResultMap
 .text._USB_HOST_MSD_InterfaceHandleToMSDInstance
                0x66f1ff84       0xac build/sam_a7g5_ek_IMX219/production/_ext/700024671/usb_host_msd.o
                0x66f1ff84                _USB_HOST_MSD_InterfaceHandleToMSDInstance
 .text._USB_HOST_MSD_InstanceRelease
                0x66f20030      0x104 build/sam_a7g5_ek_IMX219/production/_ext/700024671/usb_host_msd.o
                0x66f20030                _USB_HOST_MSD_InstanceRelease
 .text.USB_HOST_MSD_TransferErrorTasks
                0x66f20134      0x51c build/sam_a7g5_ek_IMX219/production/_ext/700024671/usb_host_msd.o
                0x66f20134                USB_HOST_MSD_TransferErrorTasks
 .text._USB_HOST_MSD_ControlTransferCallback
                0x66f20650       0x5c build/sam_a7g5_ek_IMX219/production/_ext/700024671/usb_host_msd.o
                0x66f20650                _USB_HOST_MSD_ControlTransferCallback
 .text._USB_HOST_MSD_GetMaxLUNPacketCreate
                0x66f206ac       0x7c build/sam_a7g5_ek_IMX219/production/_ext/700024671/usb_host_msd.o
                0x66f206ac                _USB_HOST_MSD_GetMaxLUNPacketCreate
 .text._USB_HOST_MSD_ResetPacketCreate
                0x66f20728       0x78 build/sam_a7g5_ek_IMX219/production/_ext/700024671/usb_host_msd.o
                0x66f20728                _USB_HOST_MSD_ResetPacketCreate
 .text._USB_HOST_MSD_Initialize
                0x66f207a0       0xd4 build/sam_a7g5_ek_IMX219/production/_ext/700024671/usb_host_msd.o
                0x66f207a0                _USB_HOST_MSD_Initialize
 .text._USB_HOST_MSD_Deinitialize
                0x66f20874       0x18 build/sam_a7g5_ek_IMX219/production/_ext/700024671/usb_host_msd.o
                0x66f20874                _USB_HOST_MSD_Deinitialize
 .text._USB_HOST_MSD_Reinitialize
                0x66f2088c       0x20 build/sam_a7g5_ek_IMX219/production/_ext/700024671/usb_host_msd.o
                0x66f2088c                _USB_HOST_MSD_Reinitialize
 .text._USB_HOST_MSD_InterfaceAssign
                0x66f208ac      0x2ac build/sam_a7g5_ek_IMX219/production/_ext/700024671/usb_host_msd.o
                0x66f208ac                _USB_HOST_MSD_InterfaceAssign
 .text._USB_HOST_MSD_InterfaceRelease
                0x66f20b58       0x24 build/sam_a7g5_ek_IMX219/production/_ext/700024671/usb_host_msd.o
                0x66f20b58                _USB_HOST_MSD_InterfaceRelease
 .text._USB_HOST_MSD_InterfaceEventHandler
                0x66f20b7c       0xac build/sam_a7g5_ek_IMX219/production/_ext/700024671/usb_host_msd.o
                0x66f20b7c                _USB_HOST_MSD_InterfaceEventHandler
 .text._USB_HOST_MSD_InterfaceTasks
                0x66f20c28      0x288 build/sam_a7g5_ek_IMX219/production/_ext/700024671/usb_host_msd.o
                0x66f20c28                _USB_HOST_MSD_InterfaceTasks
 .text.USB_HOST_MSD_Transfer
                0x66f20eb0      0x3b8 build/sam_a7g5_ek_IMX219/production/_ext/700024671/usb_host_msd.o
                0x66f20eb0                USB_HOST_MSD_Transfer
 .text._USB_HOST_SCSI_TimerCallback
                0x66f21268       0x4c build/sam_a7g5_ek_IMX219/production/_ext/700024671/usb_host_scsi.o
                0x66f21268                _USB_HOST_SCSI_TimerCallback
 .text._USB_HOST_SCSI_Transfer
                0x66f212b4      0x2b8 build/sam_a7g5_ek_IMX219/production/_ext/700024671/usb_host_scsi.o
                0x66f212b4                _USB_HOST_SCSI_Transfer
 .text._USB_HOST_SCSI_CommandCallback
                0x66f2156c       0x68 build/sam_a7g5_ek_IMX219/production/_ext/700024671/usb_host_scsi.o
                0x66f2156c                _USB_HOST_SCSI_CommandCallback
 .text._USB_HOST_SCSI_BlockTransferCallback
                0x66f215d4       0xe4 build/sam_a7g5_ek_IMX219/production/_ext/700024671/usb_host_scsi.o
                0x66f215d4                _USB_HOST_SCSI_BlockTransferCallback
 .text._USB_HOST_SCSI_TestUnitReadyCommand
                0x66f216b8       0x7c build/sam_a7g5_ek_IMX219/production/_ext/700024671/usb_host_scsi.o
                0x66f216b8                _USB_HOST_SCSI_TestUnitReadyCommand
 .text._USB_HOST_SCSI_RequestSenseCommand
                0x66f21734       0x7c build/sam_a7g5_ek_IMX219/production/_ext/700024671/usb_host_scsi.o
                0x66f21734                _USB_HOST_SCSI_RequestSenseCommand
 .text._USB_HOST_SCSI_ReadCapacityCommand
                0x66f217b0       0xbc build/sam_a7g5_ek_IMX219/production/_ext/700024671/usb_host_scsi.o
                0x66f217b0                _USB_HOST_SCSI_ReadCapacityCommand
 .text._USB_HOST_SCSI_InquiryResponseCommand
                0x66f2186c       0x7c build/sam_a7g5_ek_IMX219/production/_ext/700024671/usb_host_scsi.o
                0x66f2186c                _USB_HOST_SCSI_InquiryResponseCommand
 .text._USB_HOST_SCSI_ModeSense
                0x66f218e8       0x8c build/sam_a7g5_ek_IMX219/production/_ext/700024671/usb_host_scsi.o
                0x66f218e8                _USB_HOST_SCSI_ModeSense
 .text._USB_HOST_SCSI_LUNHandleToSCSIInstance
                0x66f21974       0xac build/sam_a7g5_ek_IMX219/production/_ext/700024671/usb_host_scsi.o
                0x66f21974                _USB_HOST_SCSI_LUNHandleToSCSIInstance
 .text.USB_HOST_SCSI_Initialize
                0x66f21a20       0xf0 build/sam_a7g5_ek_IMX219/production/_ext/700024671/usb_host_scsi.o
                0x66f21a20                USB_HOST_SCSI_Initialize
 .text.USB_HOST_SCSI_Deinitialize
                0x66f21b10      0x104 build/sam_a7g5_ek_IMX219/production/_ext/700024671/usb_host_scsi.o
                0x66f21b10                USB_HOST_SCSI_Deinitialize
 .text._USB_HOST_SCSI_TasksByIndex
                0x66f21c14      0x988 build/sam_a7g5_ek_IMX219/production/_ext/700024671/usb_host_scsi.o
                0x66f21c14                _USB_HOST_SCSI_TasksByIndex
 .text.USB_HOST_SCSI_Tasks
                0x66f2259c       0x3c build/sam_a7g5_ek_IMX219/production/_ext/700024671/usb_host_scsi.o
                0x66f2259c                USB_HOST_SCSI_Tasks
 .text.USB_HOST_SCSI_Open
                0x66f225d8       0x9c build/sam_a7g5_ek_IMX219/production/_ext/700024671/usb_host_scsi.o
                0x66f225d8                USB_HOST_SCSI_Open
 .text.USB_HOST_SCSI_Close
                0x66f22674       0x20 build/sam_a7g5_ek_IMX219/production/_ext/700024671/usb_host_scsi.o
                0x66f22674                USB_HOST_SCSI_Close
 .text.USB_HOST_SCSI_MediaStatusGet
                0x66f22694       0x84 build/sam_a7g5_ek_IMX219/production/_ext/700024671/usb_host_scsi.o
                0x66f22694                USB_HOST_SCSI_MediaStatusGet
 .text.USB_HOST_SCSI_SectorRead
                0x66f22718       0x4c build/sam_a7g5_ek_IMX219/production/_ext/700024671/usb_host_scsi.o
                0x66f22718                USB_HOST_SCSI_SectorRead
 .text.USB_HOST_SCSI_SectorWrite
                0x66f22764       0x4c build/sam_a7g5_ek_IMX219/production/_ext/700024671/usb_host_scsi.o
                0x66f22764                USB_HOST_SCSI_SectorWrite
 .text.USB_HOST_SCSI_EventHandlerSet
                0x66f227b0       0x70 build/sam_a7g5_ek_IMX219/production/_ext/700024671/usb_host_scsi.o
                0x66f227b0                USB_HOST_SCSI_EventHandlerSet
 .text.USB_HOST_SCSI_MediaGeometryGet
                0x66f22820       0x78 build/sam_a7g5_ek_IMX219/production/_ext/700024671/usb_host_scsi.o
                0x66f22820                USB_HOST_SCSI_MediaGeometryGet
 .text._USB_HOST_SCSI_DetachDetectTasks
                0x66f22898      0x2a4 build/sam_a7g5_ek_IMX219/production/_ext/700024671/usb_host_scsi.o
                0x66f22898                _USB_HOST_SCSI_DetachDetectTasks
 .text.USB_HOST_SCSI_TransferTasks
                0x66f22b3c      0x4cc build/sam_a7g5_ek_IMX219/production/_ext/700024671/usb_host_scsi.o
                0x66f22b3c                USB_HOST_SCSI_TransferTasks
 .text._USB_HOST_TimerCallback
                0x66f23008       0x4c build/sam_a7g5_ek_IMX219/production/_ext/700024671/usb_host.o
                0x66f23008                _USB_HOST_TimerCallback
 .text._USB_HOST_FindEndOfDescriptor
                0x66f23054       0xb4 build/sam_a7g5_ek_IMX219/production/_ext/700024671/usb_host.o
                0x66f23054                _USB_HOST_FindEndOfDescriptor
 .text._USB_HOST_RootHubEventDisable
                0x66f23108       0x84 build/sam_a7g5_ek_IMX219/production/_ext/700024671/usb_host.o
                0x66f23108                _USB_HOST_RootHubEventDisable
 .text._USB_HOST_RootHubEventEnable
                0x66f2318c       0x7c build/sam_a7g5_ek_IMX219/production/_ext/700024671/usb_host.o
                0x66f2318c                _USB_HOST_RootHubEventEnable
 .text._USB_HOST_NoInterfacesOwned
                0x66f23208       0xc0 build/sam_a7g5_ek_IMX219/production/_ext/700024671/usb_host.o
                0x66f23208                _USB_HOST_NoInterfacesOwned
 .text._USB_HOST_UpdateInterfaceStatus
                0x66f232c8      0x4e0 build/sam_a7g5_ek_IMX219/production/_ext/700024671/usb_host.o
                0x66f232c8                _USB_HOST_UpdateInterfaceStatus
 .text._USB_HOST_ReleaseInterfaceDrivers
                0x66f237a8       0xb8 build/sam_a7g5_ek_IMX219/production/_ext/700024671/usb_host.o
                0x66f237a8                _USB_HOST_ReleaseInterfaceDrivers
 .text._USB_HOST_ConfigurationDescriptorParse
                0x66f23860      0x25c build/sam_a7g5_ek_IMX219/production/_ext/700024671/usb_host.o
                0x66f23860                _USB_HOST_ConfigurationDescriptorParse
 .text._USB_HOST_FindClassSubClassProtocolDriver
                0x66f23abc      0x194 build/sam_a7g5_ek_IMX219/production/_ext/700024671/usb_host.o
                0x66f23abc                _USB_HOST_FindClassSubClassProtocolDriver
 .text._USB_HOST_UpdateConfigurationState
                0x66f23c50      0x8a4 build/sam_a7g5_ek_IMX219/production/_ext/700024671/usb_host.o
                0x66f23c50                _USB_HOST_UpdateConfigurationState
 .text._USB_HOST_UpdateDeviceOwnership
                0x66f244f4      0x42c build/sam_a7g5_ek_IMX219/production/_ext/700024671/usb_host.o
                0x66f244f4                _USB_HOST_UpdateDeviceOwnership
 .text.USB_HOST_DeviceControlTransfer
                0x66f24920      0x278 build/sam_a7g5_ek_IMX219/production/_ext/700024671/usb_host.o
                0x66f24920                USB_HOST_DeviceControlTransfer
 .text._USB_HOST_DeviceConfigurationDescriptorErrorCheck
                0x66f24b98      0x310 build/sam_a7g5_ek_IMX219/production/_ext/700024671/usb_host.o
                0x66f24b98                _USB_HOST_DeviceConfigurationDescriptorErrorCheck
 .text._USB_HOST_GetNewAddress
                0x66f24ea8       0xd8 build/sam_a7g5_ek_IMX219/production/_ext/700024671/usb_host.o
                0x66f24ea8                _USB_HOST_GetNewAddress
 .text._USB_HOST_FillSetupPacket
                0x66f24f80       0x80 build/sam_a7g5_ek_IMX219/production/_ext/700024671/usb_host.o
                0x66f24f80                _USB_HOST_FillSetupPacket
 .text._USB_HOST_MakeDeviceReady
                0x66f25000     0x1230 build/sam_a7g5_ek_IMX219/production/_ext/700024671/usb_host.o
                0x66f25000                _USB_HOST_MakeDeviceReady
 .text._USB_HOST_UpdateDeviceTask
                0x66f26230       0xa4 build/sam_a7g5_ek_IMX219/production/_ext/700024671/usb_host.o
                0x66f26230                _USB_HOST_UpdateDeviceTask
 .text._USB_HOST_FreeAddress
                0x66f262d4       0xe0 build/sam_a7g5_ek_IMX219/production/_ext/700024671/usb_host.o
                0x66f262d4                _USB_HOST_FreeAddress
 .text._USB_HOST_IRPResultToHostResult
                0x66f263b4       0x88 build/sam_a7g5_ek_IMX219/production/_ext/700024671/usb_host.o
                0x66f263b4                _USB_HOST_IRPResultToHostResult
 .text._USB_HOST_DataTransferIRPCallback
                0x66f2643c       0xc0 build/sam_a7g5_ek_IMX219/production/_ext/700024671/usb_host.o
                0x66f2643c                _USB_HOST_DataTransferIRPCallback
 .text._USB_HOST_DeviceControlTransferCallback
                0x66f264fc      0x304 build/sam_a7g5_ek_IMX219/production/_ext/700024671/usb_host.o
                0x66f264fc                _USB_HOST_DeviceControlTransferCallback
 .text.USB_HOST_Initialize
                0x66f26800      0x244 build/sam_a7g5_ek_IMX219/production/_ext/700024671/usb_host.o
                0x66f26800                USB_HOST_Initialize
 .text.USB_HOST_EventHandlerSet
                0x66f26a44       0x48 build/sam_a7g5_ek_IMX219/production/_ext/700024671/usb_host.o
                0x66f26a44                USB_HOST_EventHandlerSet
 .text.USB_HOST_BusEnable
                0x66f26a8c       0xfc build/sam_a7g5_ek_IMX219/production/_ext/700024671/usb_host.o
                0x66f26a8c                USB_HOST_BusEnable
 .text.USB_HOST_BusIsEnabled
                0x66f26b88       0xe8 build/sam_a7g5_ek_IMX219/production/_ext/700024671/usb_host.o
                0x66f26b88                USB_HOST_BusIsEnabled
 .text.USB_HOST_DeviceEnumerate
                0x66f26c70      0x368 build/sam_a7g5_ek_IMX219/production/_ext/700024671/usb_host.o
                0x66f26c70                USB_HOST_DeviceEnumerate
 .text.USB_HOST_DeviceDenumerate
                0x66f26fd8      0x1e0 build/sam_a7g5_ek_IMX219/production/_ext/700024671/usb_host.o
                0x66f26fd8                USB_HOST_DeviceDenumerate
 .text.USB_HOST_Tasks
                0x66f271b8      0x380 build/sam_a7g5_ek_IMX219/production/_ext/700024671/usb_host.o
                0x66f271b8                USB_HOST_Tasks
 .text.USB_HOST_DeviceEndpointDescriptorQuery
                0x66f27538      0x298 build/sam_a7g5_ek_IMX219/production/_ext/700024671/usb_host.o
                0x66f27538                USB_HOST_DeviceEndpointDescriptorQuery
 .text.USB_HOST_DeviceInterfaceDescriptorQuery
                0x66f277d0      0x2ac build/sam_a7g5_ek_IMX219/production/_ext/700024671/usb_host.o
                0x66f277d0                USB_HOST_DeviceInterfaceDescriptorQuery
 .text.USB_HOST_DeviceEndpointQueryContextClear
                0x66f27a7c       0x38 build/sam_a7g5_ek_IMX219/production/_ext/700024671/usb_host.o
                0x66f27a7c                USB_HOST_DeviceEndpointQueryContextClear
 .text.USB_HOST_DeviceInterfaceQueryContextClear
                0x66f27ab4       0x38 build/sam_a7g5_ek_IMX219/production/_ext/700024671/usb_host.o
                0x66f27ab4                USB_HOST_DeviceInterfaceQueryContextClear
 .text.USB_HOST_DeviceControlPipeOpen
                0x66f27aec       0x90 build/sam_a7g5_ek_IMX219/production/_ext/700024671/usb_host.o
                0x66f27aec                USB_HOST_DeviceControlPipeOpen
 .text.USB_HOST_DeviceInterfaceRelease
                0x66f27b7c       0xfc build/sam_a7g5_ek_IMX219/production/_ext/700024671/usb_host.o
                0x66f27b7c                USB_HOST_DeviceInterfaceRelease
 .text.USB_HOST_DeviceTransfer
                0x66f27c78      0x304 build/sam_a7g5_ek_IMX219/production/_ext/700024671/usb_host.o
                0x66f27c78                USB_HOST_DeviceTransfer
 .text.USB_HOST_DevicePipeOpen
                0x66f27f7c      0x318 build/sam_a7g5_ek_IMX219/production/_ext/700024671/usb_host.o
                0x66f27f7c                USB_HOST_DevicePipeOpen
 .text.USB_HOST_DevicePipeClose
                0x66f28294       0xe4 build/sam_a7g5_ek_IMX219/production/_ext/700024671/usb_host.o
                0x66f28294                USB_HOST_DevicePipeClose
 .text.USB_HOST_DevicePipeHaltClear
                0x66f28378      0x2e4 build/sam_a7g5_ek_IMX219/production/_ext/700024671/usb_host.o
                0x66f28378                USB_HOST_DevicePipeHaltClear
 .text.USB_HOST_DeviceIADQuery
                0x66f2865c       0xec build/sam_a7g5_ek_IMX219/production/_ext/700024671/usb_host.o
                0x66f2865c                USB_HOST_DeviceIADQuery
 .text.USB_HOST_DeviceIADQueryContextClear
                0x66f28748       0x38 build/sam_a7g5_ek_IMX219/production/_ext/700024671/usb_host.o
                0x66f28748                USB_HOST_DeviceIADQueryContextClear
 .text.USB_HOST_DeviceGeneralInterfaceDescriptorQuery
                0x66f28780      0x288 build/sam_a7g5_ek_IMX219/production/_ext/700024671/usb_host.o
                0x66f28780                USB_HOST_DeviceGeneralInterfaceDescriptorQuery
 .text.DRV_USB_VBUSPowerEnable
                0x66f28a08       0xa0 build/sam_a7g5_ek_IMX219/production/_ext/1488356311/initialization.o
                0x66f28a08                DRV_USB_VBUSPowerEnable
 .text.SYS_Initialize
                0x66f28aa8       0xf0 build/sam_a7g5_ek_IMX219/production/_ext/1488356311/initialization.o
                0x66f28aa8                SYS_Initialize
 .text.undefined_instruction_irq_handler
                0x66f28b98        0xc build/sam_a7g5_ek_IMX219/production/_ext/1488356311/fault_handlers.o
                0x66f28b98                undefined_instruction_irq_handler
 .text.software_interrupt_irq_handler
                0x66f28ba4        0xc build/sam_a7g5_ek_IMX219/production/_ext/1488356311/fault_handlers.o
                0x66f28ba4                software_interrupt_irq_handler
 .text.data_abort_irq_handler
                0x66f28bb0        0xc build/sam_a7g5_ek_IMX219/production/_ext/1488356311/fault_handlers.o
                0x66f28bb0                data_abort_irq_handler
 .text.prefetch_abort_irq_handler
                0x66f28bbc        0xc build/sam_a7g5_ek_IMX219/production/_ext/1488356311/fault_handlers.o
                0x66f28bbc                prefetch_abort_irq_handler
 .text.SYS_Tasks
                0x66f28bc8       0x54 build/sam_a7g5_ek_IMX219/production/_ext/1488356311/tasks.o
                0x66f28bc8                SYS_Tasks
 .text.DefaultInterruptHandler
                0x66f28c1c        0x4 build/sam_a7g5_ek_IMX219/production/_ext/1488356311/interrupts.o
                0x66f28c1c                GMAC0_TSU_Handler
                0x66f28c1c                FLEXCOM1_Handler
                0x66f28c1c                GMAC1_Q1_Handler
                0x66f28c1c                MCAN4_INT0_Handler
                0x66f28c1c                TC0_CH2_Handler
                0x66f28c1c                MCAN5_INT1_Handler
                0x66f28c1c                SHA_SINT_Handler
                0x66f28c1c                TRNG_Handler
                0x66f28c1c                TZAESB_NS_Handler
                0x66f28c1c                EIC_EXT_IRQ0_Handler
                0x66f28c1c                FLEXCOM4_Handler
                0x66f28c1c                QSPI1_Handler
                0x66f28c1c                OTPC_Handler
                0x66f28c1c                QSPI0_Handler
                0x66f28c1c                TC0_CH1_Handler
                0x66f28c1c                PIT64B5_SINT_Handler
                0x66f28c1c                FLEXCOM10_Handler
                0x66f28c1c                SHA_Handler
                0x66f28c1c                ADC_Handler
                0x66f28c1c                NonSecPhysTimer_Handler
                0x66f28c1c                MCAN3_INT1_Handler
                0x66f28c1c                SSC0_Handler
                0x66f28c1c                MCAN0_INT0_Handler
                0x66f28c1c                GMAC0_Q3_Handler
                0x66f28c1c                MCAN5_INT0_Handler
                0x66f28c1c                PIT64B0_SINT_Handler
                0x66f28c1c                PIOE_SINT_Handler
                0x66f28c1c                TC1_CH2_Handler
                0x66f28c1c                TRNG_SINT_Handler
                0x66f28c1c                RTT_Handler
                0x66f28c1c                XDMAC2_SINT_Handler
                0x66f28c1c                FLEXCOM6_Handler
                0x66f28c1c                CSI2DC_Handler
                0x66f28c1c                PIOD_SINT_Handler
                0x66f28c1c                PIT64B5_Handler
                0x66f28c1c                LegacynIRQ_Handler
                0x66f28c1c                PIOB_SINT_Handler
                0x66f28c1c                PIOB_Handler
                0x66f28c1c                RTC_Handler
                0x66f28c1c                FLEXCOM0_Handler
                0x66f28c1c                ARM_NPMUIRQ_Handler
                0x66f28c1c                VirtMaint_Handler
                0x66f28c1c                I2SMCC1_Handler
                0x66f28c1c                PIT64B2_Handler
                0x66f28c1c                PDMC1_Handler
                0x66f28c1c                DWDT_NSW_Handler
                0x66f28c1c                MCAN1_INT1_Handler
                0x66f28c1c                DWDT_NSW_ALARM_Handler
                0x66f28c1c                GMAC0_Q4_Handler
                0x66f28c1c                XDMAC1_SINT_Handler
                0x66f28c1c                SPDIFTX_Handler
                0x66f28c1c                EIC_EXT_IRQ1_Handler
                0x66f28c1c                PIT64B4_SINT_Handler
                0x66f28c1c                TC1_SINT1_Handler
                0x66f28c1c                SFR_Handler
                0x66f28c1c                GMAC0_Q2_Handler
                0x66f28c1c                PIT64B4_Handler
                0x66f28c1c                ASRC_Handler
                0x66f28c1c                ARM_Handler
                0x66f28c1c                GMAC0_Handler
                0x66f28c1c                UDPHSA_Handler
                0x66f28c1c                UDPHSB_Handler
                0x66f28c1c                PIT64B1_SINT_Handler
                0x66f28c1c                TC0_SINT0_Handler
                0x66f28c1c                DefaultInterruptHandler
                0x66f28c1c                HyperVTimer_Handler
                0x66f28c1c                SPDIFRX_Handler
                0x66f28c1c                TZAESB_S_Handler
                0x66f28c1c                MCAN4_INT1_Handler
                0x66f28c1c                GMAC0_Q5_Handler